Archive member included to satisfy reference by file (symbol)

c:/st/stm32cubeide_1.4.0/stm32cubeide/plugins/com.st.stm32cube.ide.mcu.externaltools.gnu-tools-for-stm32.7-2018-q2-update.win32_1.4.0.202007081208/tools/bin/../lib/gcc/arm-none-eabi/7.3.1/../../../../arm-none-eabi/lib/thumb/v7e-m/fpv4-sp/hard\libc_nano.a(lib_a-errno.o)
                              Core/Src/syscalls.o (__errno)
c:/st/stm32cubeide_1.4.0/stm32cubeide/plugins/com.st.stm32cube.ide.mcu.externaltools.gnu-tools-for-stm32.7-2018-q2-update.win32_1.4.0.202007081208/tools/bin/../lib/gcc/arm-none-eabi/7.3.1/../../../../arm-none-eabi/lib/thumb/v7e-m/fpv4-sp/hard\libc_nano.a(lib_a-exit.o)
                              c:/st/stm32cubeide_1.4.0/stm32cubeide/plugins/com.st.stm32cube.ide.mcu.externaltools.gnu-tools-for-stm32.7-2018-q2-update.win32_1.4.0.202007081208/tools/bin/../lib/gcc/arm-none-eabi/7.3.1/../../../../arm-none-eabi/lib/thumb/v7e-m/fpv4-sp/hard/crt0.o (exit)
c:/st/stm32cubeide_1.4.0/stm32cubeide/plugins/com.st.stm32cube.ide.mcu.externaltools.gnu-tools-for-stm32.7-2018-q2-update.win32_1.4.0.202007081208/tools/bin/../lib/gcc/arm-none-eabi/7.3.1/../../../../arm-none-eabi/lib/thumb/v7e-m/fpv4-sp/hard\libc_nano.a(lib_a-impure.o)
                              c:/st/stm32cubeide_1.4.0/stm32cubeide/plugins/com.st.stm32cube.ide.mcu.externaltools.gnu-tools-for-stm32.7-2018-q2-update.win32_1.4.0.202007081208/tools/bin/../lib/gcc/arm-none-eabi/7.3.1/../../../../arm-none-eabi/lib/thumb/v7e-m/fpv4-sp/hard\libc_nano.a(lib_a-exit.o) (_global_impure_ptr)
c:/st/stm32cubeide_1.4.0/stm32cubeide/plugins/com.st.stm32cube.ide.mcu.externaltools.gnu-tools-for-stm32.7-2018-q2-update.win32_1.4.0.202007081208/tools/bin/../lib/gcc/arm-none-eabi/7.3.1/../../../../arm-none-eabi/lib/thumb/v7e-m/fpv4-sp/hard\libc_nano.a(lib_a-init.o)
                              c:/st/stm32cubeide_1.4.0/stm32cubeide/plugins/com.st.stm32cube.ide.mcu.externaltools.gnu-tools-for-stm32.7-2018-q2-update.win32_1.4.0.202007081208/tools/bin/../lib/gcc/arm-none-eabi/7.3.1/../../../../arm-none-eabi/lib/thumb/v7e-m/fpv4-sp/hard/crt0.o (__libc_init_array)
c:/st/stm32cubeide_1.4.0/stm32cubeide/plugins/com.st.stm32cube.ide.mcu.externaltools.gnu-tools-for-stm32.7-2018-q2-update.win32_1.4.0.202007081208/tools/bin/../lib/gcc/arm-none-eabi/7.3.1/../../../../arm-none-eabi/lib/thumb/v7e-m/fpv4-sp/hard\libc_nano.a(lib_a-malloc.o)
                              Middlewares/ST/STM32_USB_Host_Library/Class/CDC/Src/usbh_cdc.o (malloc)
c:/st/stm32cubeide_1.4.0/stm32cubeide/plugins/com.st.stm32cube.ide.mcu.externaltools.gnu-tools-for-stm32.7-2018-q2-update.win32_1.4.0.202007081208/tools/bin/../lib/gcc/arm-none-eabi/7.3.1/../../../../arm-none-eabi/lib/thumb/v7e-m/fpv4-sp/hard\libc_nano.a(lib_a-memset.o)
                              c:/st/stm32cubeide_1.4.0/stm32cubeide/plugins/com.st.stm32cube.ide.mcu.externaltools.gnu-tools-for-stm32.7-2018-q2-update.win32_1.4.0.202007081208/tools/bin/../lib/gcc/arm-none-eabi/7.3.1/../../../../arm-none-eabi/lib/thumb/v7e-m/fpv4-sp/hard/crt0.o (memset)
c:/st/stm32cubeide_1.4.0/stm32cubeide/plugins/com.st.stm32cube.ide.mcu.externaltools.gnu-tools-for-stm32.7-2018-q2-update.win32_1.4.0.202007081208/tools/bin/../lib/gcc/arm-none-eabi/7.3.1/../../../../arm-none-eabi/lib/thumb/v7e-m/fpv4-sp/hard\libc_nano.a(lib_a-nano-freer.o)
                              c:/st/stm32cubeide_1.4.0/stm32cubeide/plugins/com.st.stm32cube.ide.mcu.externaltools.gnu-tools-for-stm32.7-2018-q2-update.win32_1.4.0.202007081208/tools/bin/../lib/gcc/arm-none-eabi/7.3.1/../../../../arm-none-eabi/lib/thumb/v7e-m/fpv4-sp/hard\libc_nano.a(lib_a-malloc.o) (_free_r)
c:/st/stm32cubeide_1.4.0/stm32cubeide/plugins/com.st.stm32cube.ide.mcu.externaltools.gnu-tools-for-stm32.7-2018-q2-update.win32_1.4.0.202007081208/tools/bin/../lib/gcc/arm-none-eabi/7.3.1/../../../../arm-none-eabi/lib/thumb/v7e-m/fpv4-sp/hard\libc_nano.a(lib_a-nano-mallocr.o)
                              c:/st/stm32cubeide_1.4.0/stm32cubeide/plugins/com.st.stm32cube.ide.mcu.externaltools.gnu-tools-for-stm32.7-2018-q2-update.win32_1.4.0.202007081208/tools/bin/../lib/gcc/arm-none-eabi/7.3.1/../../../../arm-none-eabi/lib/thumb/v7e-m/fpv4-sp/hard\libc_nano.a(lib_a-malloc.o) (_malloc_r)
c:/st/stm32cubeide_1.4.0/stm32cubeide/plugins/com.st.stm32cube.ide.mcu.externaltools.gnu-tools-for-stm32.7-2018-q2-update.win32_1.4.0.202007081208/tools/bin/../lib/gcc/arm-none-eabi/7.3.1/../../../../arm-none-eabi/lib/thumb/v7e-m/fpv4-sp/hard\libc_nano.a(lib_a-sbrkr.o)
                              c:/st/stm32cubeide_1.4.0/stm32cubeide/plugins/com.st.stm32cube.ide.mcu.externaltools.gnu-tools-for-stm32.7-2018-q2-update.win32_1.4.0.202007081208/tools/bin/../lib/gcc/arm-none-eabi/7.3.1/../../../../arm-none-eabi/lib/thumb/v7e-m/fpv4-sp/hard\libc_nano.a(lib_a-nano-mallocr.o) (_sbrk_r)
[...]
Memory Configuration

Name             Origin             Length             Attributes
CCMRAM           0x0000000010000000 0x0000000000010000 xrw
RAM              0x0000000020000000 0x0000000000020000 xrw
FLASH            0x0000000008008000 0x0000000000100000 xr
*default*        0x0000000000000000 0xffffffffffffffff

Linker script and memory map

LOAD c:/st/stm32cubeide_1.4.0/stm32cubeide/plugins/com.st.stm32cube.ide.mcu.externaltools.gnu-tools-for-stm32.7-2018-q2-update.win32_1.4.0.202007081208/tools/bin/../lib/gcc/arm-none-eabi/7.3.1/thumb/v7e-m/fpv4-sp/hard/crti.o
LOAD c:/st/stm32cubeide_1.4.0/stm32cubeide/plugins/com.st.stm32cube.ide.mcu.externaltools.gnu-tools-for-stm32.7-2018-q2-update.win32_1.4.0.202007081208/tools/bin/../lib/gcc/arm-none-eabi/7.3.1/thumb/v7e-m/fpv4-sp/hard/crtbegin.o
LOAD c:/st/stm32cubeide_1.4.0/stm32cubeide/plugins/com.st.stm32cube.ide.mcu.externaltools.gnu-tools-for-stm32.7-2018-q2-update.win32_1.4.0.202007081208/tools/bin/../lib/gcc/arm-none-eabi/7.3.1/../../../../arm-none-eabi/lib/thumb/v7e-m/fpv4-sp/hard/crt0.o
LOAD Core/Src/main.o
LOAD Core/Src/stm32f4xx_hal_msp.o
LOAD Core/Src/stm32f4xx_it.o
LOAD Core/Src/syscalls.o
LOAD Core/Src/sysmem.o
LOAD Core/Src/system_stm32f4xx.o
LOAD Core/Startup/startup_stm32f407vgtx.o
LOAD Drivers/STM32F4xx_HAL_Driver/Src/stm32f4xx_hal.o
LOAD Drivers/STM32F4xx_HAL_Driver/Src/stm32f4xx_hal_cortex.o
LOAD Drivers/STM32F4xx_HAL_Driver/Src/stm32f4xx_hal_crc.o
LOAD Drivers/STM32F4xx_HAL_Driver/Src/stm32f4xx_hal_dma.o
LOAD Drivers/STM32F4xx_HAL_Driver/Src/stm32f4xx_hal_dma_ex.o
LOAD Drivers/STM32F4xx_HAL_Driver/Src/stm32f4xx_hal_exti.o
LOAD Drivers/STM32F4xx_HAL_Driver/Src/stm32f4xx_hal_flash.o
LOAD Drivers/STM32F4xx_HAL_Driver/Src/stm32f4xx_hal_flash_ex.o
LOAD Drivers/STM32F4xx_HAL_Driver/Src/stm32f4xx_hal_flash_ramfunc.o
LOAD Drivers/STM32F4xx_HAL_Driver/Src/stm32f4xx_hal_gpio.o
LOAD Drivers/STM32F4xx_HAL_Driver/Src/stm32f4xx_hal_hcd.o
LOAD Drivers/STM32F4xx_HAL_Driver/Src/stm32f4xx_hal_i2c.o
LOAD Drivers/STM32F4xx_HAL_Driver/Src/stm32f4xx_hal_i2c_ex.o
LOAD Drivers/STM32F4xx_HAL_Driver/Src/stm32f4xx_hal_i2s.o
LOAD Drivers/STM32F4xx_HAL_Driver/Src/stm32f4xx_hal_i2s_ex.o
LOAD Drivers/STM32F4xx_HAL_Driver/Src/stm32f4xx_hal_pwr.o
LOAD Drivers/STM32F4xx_HAL_Driver/Src/stm32f4xx_hal_pwr_ex.o
LOAD Drivers/STM32F4xx_HAL_Driver/Src/stm32f4xx_hal_rcc.o
LOAD Drivers/STM32F4xx_HAL_Driver/Src/stm32f4xx_hal_rcc_ex.o
LOAD Drivers/STM32F4xx_HAL_Driver/Src/stm32f4xx_hal_spi.o
LOAD Drivers/STM32F4xx_HAL_Driver/Src/stm32f4xx_hal_tim.o
LOAD Drivers/STM32F4xx_HAL_Driver/Src/stm32f4xx_hal_tim_ex.o
LOAD Drivers/STM32F4xx_HAL_Driver/Src/stm32f4xx_hal_uart.o
LOAD Drivers/STM32F4xx_HAL_Driver/Src/stm32f4xx_ll_usb.o
LOAD Middlewares/ST/STM32_USB_Host_Library/Class/CDC/Src/usbh_cdc.o
LOAD Middlewares/ST/STM32_USB_Host_Library/Core/Src/usbh_core.o
LOAD Middlewares/ST/STM32_USB_Host_Library/Core/Src/usbh_ctlreq.o
LOAD Middlewares/ST/STM32_USB_Host_Library/Core/Src/usbh_ioreq.o
LOAD Middlewares/ST/STM32_USB_Host_Library/Core/Src/usbh_pipes.o
LOAD USB_HOST/App/usb_host.o
LOAD USB_HOST/Target/usbh_conf.o
LOAD USB_HOST/Target/usbh_platform.o
START GROUP
LOAD c:/st/stm32cubeide_1.4.0/stm32cubeide/plugins/com.st.stm32cube.ide.mcu.externaltools.gnu-tools-for-stm32.7-2018-q2-update.win32_1.4.0.202007081208/tools/bin/../lib/gcc/arm-none-eabi/7.3.1/../../../../arm-none-eabi/lib/thumb/v7e-m/fpv4-sp/hard\libc_nano.a
LOAD c:/st/stm32cubeide_1.4.0/stm32cubeide/plugins/com.st.stm32cube.ide.mcu.externaltools.gnu-tools-for-stm32.7-2018-q2-update.win32_1.4.0.202007081208/tools/bin/../lib/gcc/arm-none-eabi/7.3.1/../../../../arm-none-eabi/lib/thumb/v7e-m/fpv4-sp/hard\libm.a
END GROUP
START GROUP
LOAD c:/st/stm32cubeide_1.4.0/stm32cubeide/plugins/com.st.stm32cube.ide.mcu.externaltools.gnu-tools-for-stm32.7-2018-q2-update.win32_1.4.0.202007081208/tools/bin/../lib/gcc/arm-none-eabi/7.3.1/thumb/v7e-m/fpv4-sp/hard\libgcc.a
LOAD c:/st/stm32cubeide_1.4.0/stm32cubeide/plugins/com.st.stm32cube.ide.mcu.externaltools.gnu-tools-for-stm32.7-2018-q2-update.win32_1.4.0.202007081208/tools/bin/../lib/gcc/arm-none-eabi/7.3.1/../../../../arm-none-eabi/lib/thumb/v7e-m/fpv4-sp/hard\libc_nano.a
END GROUP
START GROUP
LOAD c:/st/stm32cubeide_1.4.0/stm32cubeide/plugins/com.st.stm32cube.ide.mcu.externaltools.gnu-tools-for-stm32.7-2018-q2-update.win32_1.4.0.202007081208/tools/bin/../lib/gcc/arm-none-eabi/7.3.1/thumb/v7e-m/fpv4-sp/hard\libgcc.a
LOAD c:/st/stm32cubeide_1.4.0/stm32cubeide/plugins/com.st.stm32cube.ide.mcu.externaltools.gnu-tools-for-stm32.7-2018-q2-update.win32_1.4.0.202007081208/tools/bin/../lib/gcc/arm-none-eabi/7.3.1/../../../../arm-none-eabi/lib/thumb/v7e-m/fpv4-sp/hard\libc_nano.a
LOAD c:/st/stm32cubeide_1.4.0/stm32cubeide/plugins/com.st.stm32cube.ide.mcu.externaltools.gnu-tools-for-stm32.7-2018-q2-update.win32_1.4.0.202007081208/tools/bin/../lib/gcc/arm-none-eabi/7.3.1/../../../../arm-none-eabi/lib/thumb/v7e-m/fpv4-sp/hard\libnosys.a
END GROUP
START GROUP
LOAD c:/st/stm32cubeide_1.4.0/stm32cubeide/plugins/com.st.stm32cube.ide.mcu.externaltools.gnu-tools-for-stm32.7-2018-q2-update.win32_1.4.0.202007081208/tools/bin/../lib/gcc/arm-none-eabi/7.3.1/thumb/v7e-m/fpv4-sp/hard\libgcc.a
LOAD c:/st/stm32cubeide_1.4.0/stm32cubeide/plugins/com.st.stm32cube.ide.mcu.externaltools.gnu-tools-for-stm32.7-2018-q2-update.win32_1.4.0.202007081208/tools/bin/../lib/gcc/arm-none-eabi/7.3.1/../../../../arm-none-eabi/lib/thumb/v7e-m/fpv4-sp/hard\libc_nano.a
LOAD c:/st/stm32cubeide_1.4.0/stm32cubeide/plugins/com.st.stm32cube.ide.mcu.externaltools.gnu-tools-for-stm32.7-2018-q2-update.win32_1.4.0.202007081208/tools/bin/../lib/gcc/arm-none-eabi/7.3.1/../../../../arm-none-eabi/lib/thumb/v7e-m/fpv4-sp/hard\libnosys.a
END GROUP
LOAD c:/st/stm32cubeide_1.4.0/stm32cubeide/plugins/com.st.stm32cube.ide.mcu.externaltools.gnu-tools-for-stm32.7-2018-q2-update.win32_1.4.0.202007081208/tools/bin/../lib/gcc/arm-none-eabi/7.3.1/thumb/v7e-m/fpv4-sp/hard/crtend.o
LOAD c:/st/stm32cubeide_1.4.0/stm32cubeide/plugins/com.st.stm32cube.ide.mcu.externaltools.gnu-tools-for-stm32.7-2018-q2-update.win32_1.4.0.202007081208/tools/bin/../lib/gcc/arm-none-eabi/7.3.1/thumb/v7e-m/fpv4-sp/hard/crtn.o
                0x0000000020020000                _estack = (ORIGIN (RAM) + LENGTH (RAM))
                0x0000000000000200                _Min_Heap_Size = 0x200
                0x0000000000000400                _Min_Stack_Size = 0x400

.isr_vector     0x0000000008008000      0x188
                0x0000000008008000                . = ALIGN (0x4)
 *(.isr_vector)
 .isr_vector    0x0000000008008000      0x188 Core/Startup/startup_stm32f407vgtx.o
                0x0000000008008000                g_pfnVectors
                0x0000000008008188                . = ALIGN (0x4)

.text           0x0000000008008188     0x7504
                0x0000000008008188                . = ALIGN (0x4)
 *(.text)
 .text          0x0000000008008188       0x40 c:/st/stm32cubeide_1.4.0/stm32cubeide/plugins/com.st.stm32cube.ide.mcu.externaltools.gnu-tools-for-stm32.7-2018-q2-update.win32_1.4.0.202007081208/tools/bin/../lib/gcc/arm-none-eabi/7.3.1/thumb/v7e-m/fpv4-sp/hard/crtbegin.o
 .text          0x00000000080081c8       0x30 c:/st/stm32cubeide_1.4.0/stm32cubeide/plugins/com.st.stm32cube.ide.mcu.externaltools.gnu-tools-for-stm32.7-2018-q2-update.win32_1.4.0.202007081208/tools/bin/../lib/gcc/arm-none-eabi/7.3.1/thumb/v7e-m/fpv4-sp/hard\libgcc.a(_aeabi_uldivmod.o)
                0x00000000080081c8                __aeabi_uldivmod
 .text          0x00000000080081f8      0x2cc c:/st/stm32cubeide_1.4.0/stm32cubeide/plugins/com.st.stm32cube.ide.mcu.externaltools.gnu-tools-for-stm32.7-2018-q2-update.win32_1.4.0.202007081208/tools/bin/../lib/gcc/arm-none-eabi/7.3.1/thumb/v7e-m/fpv4-sp/hard\libgcc.a(_udivmoddi4.o)
                0x00000000080081f8                __udivmoddi4
 .text          0x00000000080084c4        0x4 c:/st/stm32cubeide_1.4.0/stm32cubeide/plugins/com.st.stm32cube.ide.mcu.externaltools.gnu-tools-for-stm32.7-2018-q2-update.win32_1.4.0.202007081208/tools/bin/../lib/gcc/arm-none-eabi/7.3.1/thumb/v7e-m/fpv4-sp/hard\libgcc.a(_dvmd_tls.o)
                0x00000000080084c4                __aeabi_idiv0
                0x00000000080084c4                __aeabi_ldiv0
 *(.text*)
 .text.main     0x00000000080084c8       0x70 Core/Src/main.o
                0x00000000080084c8                main
 .text.SystemClock_Config
                0x0000000008008538      0x104 Core/Src/main.o
                0x0000000008008538                SystemClock_Config
 .text.MX_CRC_Init
                0x000000000800863c       0x28 Core/Src/main.o
 .text.MX_I2C1_Init
                0x0000000008008664       0x5c Core/Src/main.o
 .text.MX_I2S3_Init
                0x00000000080086c0       0x60 Core/Src/main.o
 .text.MX_SPI1_Init
                0x0000000008008720       0x6c Core/Src/main.o
 .text.MX_USART2_UART_Init
                0x000000000800878c       0x54 Core/Src/main.o
 .text.MX_GPIO_Init
                0x00000000080087e0      0x1fc Core/Src/main.o
 .text.Error_Handler
                0x00000000080089dc        0xe Core/Src/main.o
                0x00000000080089dc                Error_Handler
 *fill*         0x00000000080089ea        0x2 
 .text.HAL_MspInit
                0x00000000080089ec       0x50 Core/Src/stm32f4xx_hal_msp.o
                0x00000000080089ec                HAL_MspInit
 .text.HAL_CRC_MspInit
                0x0000000008008a3c       0x44 Core/Src/stm32f4xx_hal_msp.o
                0x0000000008008a3c                HAL_CRC_MspInit
 .text.HAL_I2C_MspInit
                0x0000000008008a80       0x90 Core/Src/stm32f4xx_hal_msp.o
                0x0000000008008a80                HAL_I2C_MspInit
 .text.HAL_I2S_MspInit
                0x0000000008008b10       0xd0 Core/Src/stm32f4xx_hal_msp.o
                0x0000000008008b10                HAL_I2S_MspInit
 .text.HAL_SPI_MspInit
                0x0000000008008be0       0x90 Core/Src/stm32f4xx_hal_msp.o
                0x0000000008008be0                HAL_SPI_MspInit
 .text.HAL_UART_MspInit
                0x0000000008008c70       0x90 Core/Src/stm32f4xx_hal_msp.o
                0x0000000008008c70                HAL_UART_MspInit
 .text.NMI_Handler
                0x0000000008008d00        0xe Core/Src/stm32f4xx_it.o
                0x0000000008008d00                NMI_Handler
 .text.HardFault_Handler
                0x0000000008008d0e        0x6 Core/Src/stm32f4xx_it.o
                0x0000000008008d0e                HardFault_Handler
 .text.MemManage_Handler
                0x0000000008008d14        0x6 Core/Src/stm32f4xx_it.o
                0x0000000008008d14                MemManage_Handler
 .text.BusFault_Handler
                0x0000000008008d1a        0x6 Core/Src/stm32f4xx_it.o
                0x0000000008008d1a                BusFault_Handler
 .text.UsageFault_Handler
                0x0000000008008d20        0x6 Core/Src/stm32f4xx_it.o
                0x0000000008008d20                UsageFault_Handler
 .text.SVC_Handler
                0x0000000008008d26        0xe Core/Src/stm32f4xx_it.o
                0x0000000008008d26                SVC_Handler
 .text.DebugMon_Handler
                0x0000000008008d34        0xe Core/Src/stm32f4xx_it.o
                0x0000000008008d34                DebugMon_Handler
 .text.PendSV_Handler
                0x0000000008008d42        0xe Core/Src/stm32f4xx_it.o
                0x0000000008008d42                PendSV_Handler
 .text.SysTick_Handler
                0x0000000008008d50        0xc Core/Src/stm32f4xx_it.o
                0x0000000008008d50                SysTick_Handler
 .text.OTG_FS_IRQHandler
                0x0000000008008d5c       0x14 Core/Src/stm32f4xx_it.o
                0x0000000008008d5c                OTG_FS_IRQHandler
 .text._sbrk    0x0000000008008d70       0x6c Core/Src/sysmem.o
                0x0000000008008d70                _sbrk
 .text.SystemInit
                0x0000000008008ddc       0x2c Core/Src/system_stm32f4xx.o
                0x0000000008008ddc                SystemInit
 .text.Reset_Handler
                0x0000000008008e08       0x50 Core/Startup/startup_stm32f407vgtx.o
                0x0000000008008e08                Reset_Handler
 .text.Default_Handler
                0x0000000008008e58        0x2 Core/Startup/startup_stm32f407vgtx.o
                0x0000000008008e58                RTC_Alarm_IRQHandler
                0x0000000008008e58                HASH_RNG_IRQHandler
                0x0000000008008e58                EXTI2_IRQHandler
                0x0000000008008e58                TIM8_CC_IRQHandler
                0x0000000008008e58                TIM1_CC_IRQHandler
                0x0000000008008e58                DMA2_Stream5_IRQHandler
                0x0000000008008e58                DMA1_Stream5_IRQHandler
                0x0000000008008e58                PVD_IRQHandler
                0x0000000008008e58                SDIO_IRQHandler
                0x0000000008008e58                TAMP_STAMP_IRQHandler
                0x0000000008008e58                CAN2_RX1_IRQHandler
                0x0000000008008e58                EXTI3_IRQHandler
                0x0000000008008e58                TIM8_TRG_COM_TIM14_IRQHandler
                0x0000000008008e58                TIM1_UP_TIM10_IRQHandler
                0x0000000008008e58                TIM8_UP_TIM13_IRQHandler
                0x0000000008008e58                I2C3_ER_IRQHandler
                0x0000000008008e58                EXTI0_IRQHandler
                0x0000000008008e58                I2C2_EV_IRQHandler
                0x0000000008008e58                DMA1_Stream2_IRQHandler
                0x0000000008008e58                CAN1_RX0_IRQHandler
                0x0000000008008e58                FPU_IRQHandler
                0x0000000008008e58                OTG_HS_WKUP_IRQHandler
                0x0000000008008e58                CAN2_SCE_IRQHandler
                0x0000000008008e58                DMA2_Stream2_IRQHandler
                0x0000000008008e58                SPI1_IRQHandler
                0x0000000008008e58                TIM6_DAC_IRQHandler
                0x0000000008008e58                TIM1_BRK_TIM9_IRQHandler
                0x0000000008008e58                DCMI_IRQHandler
                0x0000000008008e58                CAN2_RX0_IRQHandler
                0x0000000008008e58                DMA2_Stream3_IRQHandler
                0x0000000008008e58                USART6_IRQHandler
                0x0000000008008e58                USART3_IRQHandler
                0x0000000008008e58                CAN1_RX1_IRQHandler
                0x0000000008008e58                UART5_IRQHandler
                0x0000000008008e58                DMA2_Stream0_IRQHandler
                0x0000000008008e58                TIM4_IRQHandler
                0x0000000008008e58                I2C1_EV_IRQHandler
                0x0000000008008e58                DMA1_Stream6_IRQHandler
                0x0000000008008e58                DMA1_Stream1_IRQHandler
                0x0000000008008e58                UART4_IRQHandler
                0x0000000008008e58                TIM3_IRQHandler
                0x0000000008008e58                RCC_IRQHandler
                0x0000000008008e58                TIM8_BRK_TIM12_IRQHandler
                0x0000000008008e58                Default_Handler
                0x0000000008008e58                EXTI15_10_IRQHandler
                0x0000000008008e58                ADC_IRQHandler
                0x0000000008008e58                DMA1_Stream7_IRQHandler
                0x0000000008008e58                TIM7_IRQHandler
                0x0000000008008e58                CAN2_TX_IRQHandler
                0x0000000008008e58                TIM5_IRQHandler
                0x0000000008008e58                DMA2_Stream7_IRQHandler
                0x0000000008008e58                I2C3_EV_IRQHandler
                0x0000000008008e58                EXTI9_5_IRQHandler
                0x0000000008008e58                RTC_WKUP_IRQHandler
                0x0000000008008e58                ETH_WKUP_IRQHandler
                0x0000000008008e58                SPI2_IRQHandler
                0x0000000008008e58                OTG_HS_EP1_IN_IRQHandler
                0x0000000008008e58                DMA1_Stream0_IRQHandler
                0x0000000008008e58                CAN1_TX_IRQHandler
                0x0000000008008e58                EXTI4_IRQHandler
                0x0000000008008e58                FSMC_IRQHandler
                0x0000000008008e58                ETH_IRQHandler
                0x0000000008008e58                OTG_HS_EP1_OUT_IRQHandler
                0x0000000008008e58                WWDG_IRQHandler
                0x0000000008008e58                TIM2_IRQHandler
                0x0000000008008e58                OTG_FS_WKUP_IRQHandler
                0x0000000008008e58                TIM1_TRG_COM_TIM11_IRQHandler
                0x0000000008008e58                OTG_HS_IRQHandler
                0x0000000008008e58                EXTI1_IRQHandler
                0x0000000008008e58                USART2_IRQHandler
                0x0000000008008e58                I2C2_ER_IRQHandler
                0x0000000008008e58                DMA2_Stream1_IRQHandler
                0x0000000008008e58                CAN1_SCE_IRQHandler
                0x0000000008008e58                FLASH_IRQHandler
                0x0000000008008e58                DMA2_Stream4_IRQHandler
                0x0000000008008e58                USART1_IRQHandler
                0x0000000008008e58                SPI3_IRQHandler
                0x0000000008008e58                DMA1_Stream4_IRQHandler
                0x0000000008008e58                I2C1_ER_IRQHandler
                0x0000000008008e58                DMA2_Stream6_IRQHandler
                0x0000000008008e58                DMA1_Stream3_IRQHandler
 *fill*         0x0000000008008e5a        0x2 
 .text.HAL_Init
                0x0000000008008e5c       0x44 Drivers/STM32F4xx_HAL_Driver/Src/stm32f4xx_hal.o
                0x0000000008008e5c                HAL_Init
 .text.HAL_InitTick
                0x0000000008008ea0       0x60 Drivers/STM32F4xx_HAL_Driver/Src/stm32f4xx_hal.o
                0x0000000008008ea0                HAL_InitTick
 .text.HAL_IncTick
                0x0000000008008f00       0x28 Drivers/STM32F4xx_HAL_Driver/Src/stm32f4xx_hal.o
                0x0000000008008f00                HAL_IncTick
 .text.HAL_GetTick
                0x0000000008008f28       0x18 Drivers/STM32F4xx_HAL_Driver/Src/stm32f4xx_hal.o
                0x0000000008008f28                HAL_GetTick
 .text.HAL_Delay
                0x0000000008008f40       0x44 Drivers/STM32F4xx_HAL_Driver/Src/stm32f4xx_hal.o
                0x0000000008008f40                HAL_Delay
 .text.__NVIC_SetPriorityGrouping
                0x0000000008008f84       0x48 Drivers/STM32F4xx_HAL_Driver/Src/stm32f4xx_hal_cortex.o
 .text.__NVIC_GetPriorityGrouping
                0x0000000008008fcc       0x1c Drivers/STM32F4xx_HAL_Driver/Src/stm32f4xx_hal_cortex.o
 .text.__NVIC_EnableIRQ
                0x0000000008008fe8       0x3c Drivers/STM32F4xx_HAL_Driver/Src/stm32f4xx_hal_cortex.o
 .text.__NVIC_SetPriority
                0x0000000008009024       0x54 Drivers/STM32F4xx_HAL_Driver/Src/stm32f4xx_hal_cortex.o
 .text.NVIC_EncodePriority
                0x0000000008009078       0x66 Drivers/STM32F4xx_HAL_Driver/Src/stm32f4xx_hal_cortex.o
 *fill*         0x00000000080090de        0x2 
 .text.SysTick_Config
                0x00000000080090e0       0x44 Drivers/STM32F4xx_HAL_Driver/Src/stm32f4xx_hal_cortex.o
 .text.HAL_NVIC_SetPriorityGrouping
                0x0000000008009124       0x16 Drivers/STM32F4xx_HAL_Driver/Src/stm32f4xx_hal_cortex.o
                0x0000000008009124                HAL_NVIC_SetPriorityGrouping
 .text.HAL_NVIC_SetPriority
                0x000000000800913a       0x38 Drivers/STM32F4xx_HAL_Driver/Src/stm32f4xx_hal_cortex.o
                0x000000000800913a                HAL_NVIC_SetPriority
 .text.HAL_NVIC_EnableIRQ
                0x0000000008009172       0x1c Drivers/STM32F4xx_HAL_Driver/Src/stm32f4xx_hal_cortex.o
                0x0000000008009172                HAL_NVIC_EnableIRQ
 .text.HAL_SYSTICK_Config
                0x000000000800918e       0x18 Drivers/STM32F4xx_HAL_Driver/Src/stm32f4xx_hal_cortex.o
                0x000000000800918e                HAL_SYSTICK_Config
 .text.HAL_CRC_Init
                0x00000000080091a6       0x38 Drivers/STM32F4xx_HAL_Driver/Src/stm32f4xx_hal_crc.o
                0x00000000080091a6                HAL_CRC_Init
 *fill*         0x00000000080091de        0x2 
 .text.HAL_GPIO_Init
                0x00000000080091e0      0x334 Drivers/STM32F4xx_HAL_Driver/Src/stm32f4xx_hal_gpio.o
                0x00000000080091e0                HAL_GPIO_Init
 .text.HAL_GPIO_WritePin
                0x0000000008009514       0x32 Drivers/STM32F4xx_HAL_Driver/Src/stm32f4xx_hal_gpio.o
                0x0000000008009514                HAL_GPIO_WritePin
 .text.HAL_GPIO_TogglePin
                0x0000000008009546       0x36 Drivers/STM32F4xx_HAL_Driver/Src/stm32f4xx_hal_gpio.o
                0x0000000008009546                HAL_GPIO_TogglePin
 .text.HAL_HCD_Init
                0x000000000800957c       0xc4 Drivers/STM32F4xx_HAL_Driver/Src/stm32f4xx_hal_hcd.o
                0x000000000800957c                HAL_HCD_Init
 .text.HAL_HCD_HC_Init
                0x0000000008009640      0x130 Drivers/STM32F4xx_HAL_Driver/Src/stm32f4xx_hal_hcd.o
                0x0000000008009640                HAL_HCD_HC_Init
 .text.HAL_HCD_HC_Halt
                0x0000000008009770       0x46 Drivers/STM32F4xx_HAL_Driver/Src/stm32f4xx_hal_hcd.o
                0x0000000008009770                HAL_HCD_HC_Halt
 *fill*         0x00000000080097b6        0x2 
 .text.HAL_HCD_HC_SubmitRequest
                0x00000000080097b8      0x2e4 Drivers/STM32F4xx_HAL_Driver/Src/stm32f4xx_hal_hcd.o
                0x00000000080097b8                HAL_HCD_HC_SubmitRequest
 .text.HAL_HCD_IRQHandler
                0x0000000008009a9c      0x208 Drivers/STM32F4xx_HAL_Driver/Src/stm32f4xx_hal_hcd.o
                0x0000000008009a9c                HAL_HCD_IRQHandler
 .text.HAL_HCD_Start
                0x0000000008009ca4       0x46 Drivers/STM32F4xx_HAL_Driver/Src/stm32f4xx_hal_hcd.o
                0x0000000008009ca4                HAL_HCD_Start
 .text.HAL_HCD_Stop
                0x0000000008009cea       0x3a Drivers/STM32F4xx_HAL_Driver/Src/stm32f4xx_hal_hcd.o
                0x0000000008009cea                HAL_HCD_Stop
 .text.HAL_HCD_HC_GetURBState
                0x0000000008009d24       0x2a Drivers/STM32F4xx_HAL_Driver/Src/stm32f4xx_hal_hcd.o
                0x0000000008009d24                HAL_HCD_HC_GetURBState
 .text.HAL_HCD_HC_GetXferCount
                0x0000000008009d4e       0x2a Drivers/STM32F4xx_HAL_Driver/Src/stm32f4xx_hal_hcd.o
                0x0000000008009d4e                HAL_HCD_HC_GetXferCount
 .text.HAL_HCD_GetCurrentFrame
                0x0000000008009d78       0x1c Drivers/STM32F4xx_HAL_Driver/Src/stm32f4xx_hal_hcd.o
                0x0000000008009d78                HAL_HCD_GetCurrentFrame
 .text.HCD_HC_IN_IRQHandler
                0x0000000008009d94      0x86a Drivers/STM32F4xx_HAL_Driver/Src/stm32f4xx_hal_hcd.o
 .text.HCD_HC_OUT_IRQHandler
                0x000000000800a5fe      0x6ea Drivers/STM32F4xx_HAL_Driver/Src/stm32f4xx_hal_hcd.o
 .text.HCD_RXQLVL_IRQHandler
                0x000000000800ace8      0x158 Drivers/STM32F4xx_HAL_Driver/Src/stm32f4xx_hal_hcd.o
 .text.HCD_Port_IRQHandler
                0x000000000800ae40       0xe6 Drivers/STM32F4xx_HAL_Driver/Src/stm32f4xx_hal_hcd.o
 *fill*         0x000000000800af26        0x2 
 .text.HAL_I2C_Init
                0x000000000800af28      0x270 Drivers/STM32F4xx_HAL_Driver/Src/stm32f4xx_hal_i2c.o
                0x000000000800af28                HAL_I2C_Init
 .text.HAL_I2S_Init
                0x000000000800b198      0x280 Drivers/STM32F4xx_HAL_Driver/Src/stm32f4xx_hal_i2s.o
                0x000000000800b198                HAL_I2S_Init
 .text.HAL_I2S_TxCpltCallback
                0x000000000800b418       0x14 Drivers/STM32F4xx_HAL_Driver/Src/stm32f4xx_hal_i2s.o
                0x000000000800b418                HAL_I2S_TxCpltCallback
 .text.HAL_I2S_RxCpltCallback
                0x000000000800b42c       0x14 Drivers/STM32F4xx_HAL_Driver/Src/stm32f4xx_hal_i2s.o
                0x000000000800b42c                HAL_I2S_RxCpltCallback
 .text.HAL_I2S_ErrorCallback
                0x000000000800b440       0x14 Drivers/STM32F4xx_HAL_Driver/Src/stm32f4xx_hal_i2s.o
                0x000000000800b440                HAL_I2S_ErrorCallback
 .text.I2S_Transmit_IT
                0x000000000800b454       0x5c Drivers/STM32F4xx_HAL_Driver/Src/stm32f4xx_hal_i2s.o
 .text.I2S_Receive_IT
                0x000000000800b4b0       0x5e Drivers/STM32F4xx_HAL_Driver/Src/stm32f4xx_hal_i2s.o
 .text.I2S_IRQHandler
                0x000000000800b50e      0x114 Drivers/STM32F4xx_HAL_Driver/Src/stm32f4xx_hal_i2s.o
 *fill*         0x000000000800b622        0x2 
 .text.HAL_I2SEx_FullDuplex_IRQHandler
                0x000000000800b624      0x2a8 Drivers/STM32F4xx_HAL_Driver/Src/stm32f4xx_hal_i2s_ex.o
                0x000000000800b624                HAL_I2SEx_FullDuplex_IRQHandler
 .text.HAL_I2SEx_TxRxCpltCallback
                0x000000000800b8cc       0x14 Drivers/STM32F4xx_HAL_Driver/Src/stm32f4xx_hal_i2s_ex.o
                0x000000000800b8cc                HAL_I2SEx_TxRxCpltCallback
 .text.I2SEx_TxISR_I2S
                0x000000000800b8e0       0x62 Drivers/STM32F4xx_HAL_Driver/Src/stm32f4xx_hal_i2s_ex.o
 *fill*         0x000000000800b942        0x2 
 .text.I2SEx_TxISR_I2SExt
                0x000000000800b944       0x98 Drivers/STM32F4xx_HAL_Driver/Src/stm32f4xx_hal_i2s_ex.o
 .text.I2SEx_RxISR_I2S
                0x000000000800b9dc       0x64 Drivers/STM32F4xx_HAL_Driver/Src/stm32f4xx_hal_i2s_ex.o
 .text.I2SEx_RxISR_I2SExt
                0x000000000800ba40       0x98 Drivers/STM32F4xx_HAL_Driver/Src/stm32f4xx_hal_i2s_ex.o
 .text.HAL_RCC_OscConfig
                0x000000000800bad8      0x4e0 Drivers/STM32F4xx_HAL_Driver/Src/stm32f4xx_hal_rcc.o
                0x000000000800bad8                HAL_RCC_OscConfig
 .text.HAL_RCC_ClockConfig
                0x000000000800bfb8      0x1cc Drivers/STM32F4xx_HAL_Driver/Src/stm32f4xx_hal_rcc.o
                0x000000000800bfb8                HAL_RCC_ClockConfig
 .text.HAL_RCC_GetSysClockFreq
                0x000000000800c184      0x1b0 Drivers/STM32F4xx_HAL_Driver/Src/stm32f4xx_hal_rcc.o
                0x000000000800c184                HAL_RCC_GetSysClockFreq
 .text.HAL_RCC_GetHCLKFreq
                0x000000000800c334       0x18 Drivers/STM32F4xx_HAL_Driver/Src/stm32f4xx_hal_rcc.o
                0x000000000800c334                HAL_RCC_GetHCLKFreq
 .text.HAL_RCC_GetPCLK1Freq
                0x000000000800c34c       0x28 Drivers/STM32F4xx_HAL_Driver/Src/stm32f4xx_hal_rcc.o
                0x000000000800c34c                HAL_RCC_GetPCLK1Freq
 .text.HAL_RCC_GetPCLK2Freq
                0x000000000800c374       0x28 Drivers/STM32F4xx_HAL_Driver/Src/stm32f4xx_hal_rcc.o
                0x000000000800c374                HAL_RCC_GetPCLK2Freq
 .text.HAL_RCCEx_PeriphCLKConfig
                0x000000000800c39c      0x1c4 Drivers/STM32F4xx_HAL_Driver/Src/stm32f4xx_hal_rcc_ex.o
                0x000000000800c39c                HAL_RCCEx_PeriphCLKConfig
 .text.HAL_RCCEx_GetPeriphCLKFreq
                0x000000000800c560       0xb8 Drivers/STM32F4xx_HAL_Driver/Src/stm32f4xx_hal_rcc_ex.o
                0x000000000800c560                HAL_RCCEx_GetPeriphCLKFreq
 .text.HAL_SPI_Init
                0x000000000800c618       0xc8 Drivers/STM32F4xx_HAL_Driver/Src/stm32f4xx_hal_spi.o
                0x000000000800c618                HAL_SPI_Init
 .text.HAL_UART_Init
                0x000000000800c6e0       0x9a Drivers/STM32F4xx_HAL_Driver/Src/stm32f4xx_hal_uart.o
                0x000000000800c6e0                HAL_UART_Init
 .text.HAL_UART_Transmit
                0x000000000800c77a      0x132 Drivers/STM32F4xx_HAL_Driver/Src/stm32f4xx_hal_uart.o
                0x000000000800c77a                HAL_UART_Transmit
 .text.UART_WaitOnFlagUntilTimeout
                0x000000000800c8ac       0x94 Drivers/STM32F4xx_HAL_Driver/Src/stm32f4xx_hal_uart.o
 .text.UART_SetConfig
                0x000000000800c940      0x6f8 Drivers/STM32F4xx_HAL_Driver/Src/stm32f4xx_hal_uart.o
 .text.USB_CoreInit
                0x000000000800d038       0xc2 Drivers/STM32F4xx_HAL_Driver/Src/stm32f4xx_ll_usb.o
                0x000000000800d038                USB_CoreInit
 .text.USB_EnableGlobalInt
                0x000000000800d0fa       0x22 Drivers/STM32F4xx_HAL_Driver/Src/stm32f4xx_ll_usb.o
                0x000000000800d0fa                USB_EnableGlobalInt
 .text.USB_DisableGlobalInt
                0x000000000800d11c       0x22 Drivers/STM32F4xx_HAL_Driver/Src/stm32f4xx_ll_usb.o
                0x000000000800d11c                USB_DisableGlobalInt
 .text.USB_SetCurrentMode
                0x000000000800d13e       0x54 Drivers/STM32F4xx_HAL_Driver/Src/stm32f4xx_ll_usb.o
                0x000000000800d13e                USB_SetCurrentMode
 *fill*         0x000000000800d192        0x2 
 .text.USB_FlushTxFifo
                0x000000000800d194       0x4c Drivers/STM32F4xx_HAL_Driver/Src/stm32f4xx_ll_usb.o
                0x000000000800d194                USB_FlushTxFifo
 .text.USB_FlushRxFifo
                0x000000000800d1e0       0x44 Drivers/STM32F4xx_HAL_Driver/Src/stm32f4xx_ll_usb.o
                0x000000000800d1e0                USB_FlushRxFifo
 .text.USB_WritePacket
                0x000000000800d224       0x6a Drivers/STM32F4xx_HAL_Driver/Src/stm32f4xx_ll_usb.o
                0x000000000800d224                USB_WritePacket
 .text.USB_ReadPacket
                0x000000000800d28e       0x52 Drivers/STM32F4xx_HAL_Driver/Src/stm32f4xx_ll_usb.o
                0x000000000800d28e                USB_ReadPacket
 .text.USB_ReadInterrupts
                0x000000000800d2e0       0x26 Drivers/STM32F4xx_HAL_Driver/Src/stm32f4xx_ll_usb.o
                0x000000000800d2e0                USB_ReadInterrupts
 .text.USB_GetMode
                0x000000000800d306       0x1c Drivers/STM32F4xx_HAL_Driver/Src/stm32f4xx_ll_usb.o
                0x000000000800d306                USB_GetMode
 *fill*         0x000000000800d322        0x2 
 .text.USB_CoreReset
                0x000000000800d324       0x68 Drivers/STM32F4xx_HAL_Driver/Src/stm32f4xx_ll_usb.o
 .text.USB_HostInit
                0x000000000800d38c      0x178 Drivers/STM32F4xx_HAL_Driver/Src/stm32f4xx_ll_usb.o
                0x000000000800d38c                USB_HostInit
 .text.USB_InitFSLSPClkSel
                0x000000000800d504       0x74 Drivers/STM32F4xx_HAL_Driver/Src/stm32f4xx_ll_usb.o
                0x000000000800d504                USB_InitFSLSPClkSel
 .text.USB_DriveVbus
                0x000000000800d578       0x72 Drivers/STM32F4xx_HAL_Driver/Src/stm32f4xx_ll_usb.o
                0x000000000800d578                USB_DriveVbus
 .text.USB_GetCurrentFrame
                0x000000000800d5ea       0x22 Drivers/STM32F4xx_HAL_Driver/Src/stm32f4xx_ll_usb.o
                0x000000000800d5ea                USB_GetCurrentFrame
 .text.USB_HC_Init
                0x000000000800d60c      0x214 Drivers/STM32F4xx_HAL_Driver/Src/stm32f4xx_ll_usb.o
                0x000000000800d60c                USB_HC_Init
 .text.USB_HC_StartXfer
                0x000000000800d820      0x28c Drivers/STM32F4xx_HAL_Driver/Src/stm32f4xx_ll_usb.o
                0x000000000800d820                USB_HC_StartXfer
 .text.USB_HC_ReadInterrupt
                0x000000000800daac       0x22 Drivers/STM32F4xx_HAL_Driver/Src/stm32f4xx_ll_usb.o
                0x000000000800daac                USB_HC_ReadInterrupt
 .text.USB_HC_Halt
                0x000000000800dace      0x1fe Drivers/STM32F4xx_HAL_Driver/Src/stm32f4xx_ll_usb.o
                0x000000000800dace                USB_HC_Halt
 .text.USB_DoPing
                0x000000000800dccc       0x78 Drivers/STM32F4xx_HAL_Driver/Src/stm32f4xx_ll_usb.o
                0x000000000800dccc                USB_DoPing
 .text.USB_StopHost
                0x000000000800dd44      0x10c Drivers/STM32F4xx_HAL_Driver/Src/stm32f4xx_ll_usb.o
                0x000000000800dd44                USB_StopHost
 .text.USBH_CDC_InterfaceInit
                0x000000000800de50      0x2ac Middlewares/ST/STM32_USB_Host_Library/Class/CDC/Src/usbh_cdc.o
 .text.USBH_CDC_InterfaceDeInit
                0x000000000800e0fc       0xb2 Middlewares/ST/STM32_USB_Host_Library/Class/CDC/Src/usbh_cdc.o
 .text.USBH_CDC_ClassRequest
                0x000000000800e1ae       0x3e Middlewares/ST/STM32_USB_Host_Library/Class/CDC/Src/usbh_cdc.o
 .text.USBH_CDC_Process
                0x000000000800e1ec      0x12c Middlewares/ST/STM32_USB_Host_Library/Class/CDC/Src/usbh_cdc.o
 .text.USBH_CDC_SOFProcess
                0x000000000800e318       0x16 Middlewares/ST/STM32_USB_Host_Library/Class/CDC/Src/usbh_cdc.o
 .text.GetLineCoding
                0x000000000800e32e       0x3e Middlewares/ST/STM32_USB_Host_Library/Class/CDC/Src/usbh_cdc.o
 .text.SetLineCoding
                0x000000000800e36c       0x3e Middlewares/ST/STM32_USB_Host_Library/Class/CDC/Src/usbh_cdc.o
 .text.CDC_ProcessTransmission
                0x000000000800e3aa       0xf0 Middlewares/ST/STM32_USB_Host_Library/Class/CDC/Src/usbh_cdc.o
 .text.CDC_ProcessReception
                0x000000000800e49a       0xb6 Middlewares/ST/STM32_USB_Host_Library/Class/CDC/Src/usbh_cdc.o
 .text.USBH_CDC_TransmitCallback
                0x000000000800e550       0x14 Middlewares/ST/STM32_USB_Host_Library/Class/CDC/Src/usbh_cdc.o
                0x000000000800e550                USBH_CDC_TransmitCallback
 .text.USBH_CDC_ReceiveCallback
                0x000000000800e564       0x14 Middlewares/ST/STM32_USB_Host_Library/Class/CDC/Src/usbh_cdc.o
                0x000000000800e564                USBH_CDC_ReceiveCallback
 .text.USBH_CDC_LineCodingChanged
                0x000000000800e578       0x14 Middlewares/ST/STM32_USB_Host_Library/Class/CDC/Src/usbh_cdc.o
                0x000000000800e578                USBH_CDC_LineCodingChanged
 .text.USBH_Init
                0x000000000800e58c       0x74 Middlewares/ST/STM32_USB_Host_Library/Core/Src/usbh_core.o
                0x000000000800e58c                USBH_Init
 .text.DeInitStateMachine
                0x000000000800e600       0xa8 Middlewares/ST/STM32_USB_Host_Library/Core/Src/usbh_core.o
 .text.USBH_RegisterClass
                0x000000000800e6a8       0x54 Middlewares/ST/STM32_USB_Host_Library/Core/Src/usbh_core.o
                0x000000000800e6a8                USBH_RegisterClass
 .text.USBH_SelectInterface
                0x000000000800e6fc       0x38 Middlewares/ST/STM32_USB_Host_Library/Core/Src/usbh_core.o
                0x000000000800e6fc                USBH_SelectInterface
 .text.USBH_FindInterface
                0x000000000800e734       0x8c Middlewares/ST/STM32_USB_Host_Library/Core/Src/usbh_core.o
                0x000000000800e734                USBH_FindInterface
 .text.USBH_Start
                0x000000000800e7c0       0x20 Middlewares/ST/STM32_USB_Host_Library/Core/Src/usbh_core.o
                0x000000000800e7c0                USBH_Start
 .text.USBH_LL_SetTimer
                0x000000000800e7e0       0x1e Middlewares/ST/STM32_USB_Host_Library/Core/Src/usbh_core.o
                0x000000000800e7e0                USBH_LL_SetTimer
 .text.USBH_LL_IncTimer
                0x000000000800e7fe       0x24 Middlewares/ST/STM32_USB_Host_Library/Core/Src/usbh_core.o
                0x000000000800e7fe                USBH_LL_IncTimer
 .text.USBH_HandleSof
                0x000000000800e822       0x30 Middlewares/ST/STM32_USB_Host_Library/Core/Src/usbh_core.o
 .text.USBH_LL_PortEnabled
                0x000000000800e852       0x1c Middlewares/ST/STM32_USB_Host_Library/Core/Src/usbh_core.o
                0x000000000800e852                USBH_LL_PortEnabled
 .text.USBH_LL_PortDisabled
                0x000000000800e86e       0x1c Middlewares/ST/STM32_USB_Host_Library/Core/Src/usbh_core.o
                0x000000000800e86e                USBH_LL_PortDisabled
 .text.USBH_LL_Connect
                0x000000000800e88a       0x2e Middlewares/ST/STM32_USB_Host_Library/Core/Src/usbh_core.o
                0x000000000800e88a                USBH_LL_Connect
 .text.USBH_LL_Disconnect
                0x000000000800e8b8       0x48 Middlewares/ST/STM32_USB_Host_Library/Core/Src/usbh_core.o
                0x000000000800e8b8                USBH_LL_Disconnect
 .text.USBH_ClrFeature
                0x000000000800e900       0x48 Middlewares/ST/STM32_USB_Host_Library/Core/Src/usbh_ctlreq.o
                0x000000000800e900                USBH_ClrFeature
 .text.USBH_CtlReq
                0x000000000800e948       0x7a Middlewares/ST/STM32_USB_Host_Library/Core/Src/usbh_ctlreq.o
                0x000000000800e948                USBH_CtlReq
 *fill*         0x000000000800e9c2        0x2 
 .text.USBH_HandleControl
                0x000000000800e9c4      0x2ec Middlewares/ST/STM32_USB_Host_Library/Core/Src/usbh_ctlreq.o
 .text.USBH_CtlSendSetup
                0x000000000800ecb0       0x34 Middlewares/ST/STM32_USB_Host_Library/Core/Src/usbh_ioreq.o
                0x000000000800ecb0                USBH_CtlSendSetup
 .text.USBH_CtlSendData
                0x000000000800ece4       0x4a Middlewares/ST/STM32_USB_Host_Library/Core/Src/usbh_ioreq.o
                0x000000000800ece4                USBH_CtlSendData
 .text.USBH_CtlReceiveData
                0x000000000800ed2e       0x3c Middlewares/ST/STM32_USB_Host_Library/Core/Src/usbh_ioreq.o
                0x000000000800ed2e                USBH_CtlReceiveData
 .text.USBH_BulkSendData
                0x000000000800ed6a       0x4a Middlewares/ST/STM32_USB_Host_Library/Core/Src/usbh_ioreq.o
                0x000000000800ed6a                USBH_BulkSendData
 .text.USBH_BulkReceiveData
                0x000000000800edb4       0x3c Middlewares/ST/STM32_USB_Host_Library/Core/Src/usbh_ioreq.o
                0x000000000800edb4                USBH_BulkReceiveData
 .text.USBH_OpenPipe
                0x000000000800edf0       0x3e Middlewares/ST/STM32_USB_Host_Library/Core/Src/usbh_pipes.o
                0x000000000800edf0                USBH_OpenPipe
 .text.USBH_ClosePipe
                0x000000000800ee2e       0x20 Middlewares/ST/STM32_USB_Host_Library/Core/Src/usbh_pipes.o
                0x000000000800ee2e                USBH_ClosePipe
 .text.USBH_AllocPipe
                0x000000000800ee4e       0x42 Middlewares/ST/STM32_USB_Host_Library/Core/Src/usbh_pipes.o
                0x000000000800ee4e                USBH_AllocPipe
 .text.USBH_FreePipe
                0x000000000800ee90       0x3c Middlewares/ST/STM32_USB_Host_Library/Core/Src/usbh_pipes.o
                0x000000000800ee90                USBH_FreePipe
 .text.USBH_GetFreePipe
                0x000000000800eecc       0x48 Middlewares/ST/STM32_USB_Host_Library/Core/Src/usbh_pipes.o
 .text.MX_USB_HOST_Init
                0x000000000800ef14       0x4c USB_HOST/App/usb_host.o
                0x000000000800ef14                MX_USB_HOST_Init
 .text.USBH_UserProcess
                0x000000000800ef60       0x5c USB_HOST/App/usb_host.o
 .text.HAL_HCD_MspInit
                0x000000000800efbc       0xc4 USB_HOST/Target/usbh_conf.o
                0x000000000800efbc                HAL_HCD_MspInit
 .text.HAL_HCD_SOF_Callback
                0x000000000800f080       0x1c USB_HOST/Target/usbh_conf.o
                0x000000000800f080                HAL_HCD_SOF_Callback
 .text.HAL_HCD_Connect_Callback
                0x000000000800f09c       0x1c USB_HOST/Target/usbh_conf.o
                0x000000000800f09c                HAL_HCD_Connect_Callback
 .text.HAL_HCD_Disconnect_Callback
                0x000000000800f0b8       0x1c USB_HOST/Target/usbh_conf.o
                0x000000000800f0b8                HAL_HCD_Disconnect_Callback
 .text.HAL_HCD_HC_NotifyURBChange_Callback
                0x000000000800f0d4       0x1c USB_HOST/Target/usbh_conf.o
                0x000000000800f0d4                HAL_HCD_HC_NotifyURBChange_Callback
 .text.HAL_HCD_PortEnabled_Callback
                0x000000000800f0f0       0x1c USB_HOST/Target/usbh_conf.o
                0x000000000800f0f0                HAL_HCD_PortEnabled_Callback
 .text.HAL_HCD_PortDisabled_Callback
                0x000000000800f10c       0x1c USB_HOST/Target/usbh_conf.o
                0x000000000800f10c                HAL_HCD_PortDisabled_Callback
 .text.USBH_LL_Init
                0x000000000800f128       0x78 USB_HOST/Target/usbh_conf.o
                0x000000000800f128                USBH_LL_Init
 .text.USBH_LL_Start
                0x000000000800f1a0       0x36 USB_HOST/Target/usbh_conf.o
                0x000000000800f1a0                USBH_LL_Start
 .text.USBH_LL_Stop
                0x000000000800f1d6       0x36 USB_HOST/Target/usbh_conf.o
                0x000000000800f1d6                USBH_LL_Stop
 .text.USBH_LL_GetLastXferSize
                0x000000000800f20c       0x26 USB_HOST/Target/usbh_conf.o
                0x000000000800f20c                USBH_LL_GetLastXferSize
 .text.USBH_LL_OpenPipe
                0x000000000800f232       0x5e USB_HOST/Target/usbh_conf.o
                0x000000000800f232                USBH_LL_OpenPipe
 .text.USBH_LL_ClosePipe
                0x000000000800f290       0x3e USB_HOST/Target/usbh_conf.o
                0x000000000800f290                USBH_LL_ClosePipe
 .text.USBH_LL_SubmitURB
                0x000000000800f2ce       0x62 USB_HOST/Target/usbh_conf.o
                0x000000000800f2ce                USBH_LL_SubmitURB
 .text.USBH_LL_GetURBState
                0x000000000800f330       0x26 USB_HOST/Target/usbh_conf.o
                0x000000000800f330                USBH_LL_GetURBState
 .text.USBH_LL_DriverVBUS
                0x000000000800f356       0x2e USB_HOST/Target/usbh_conf.o
                0x000000000800f356                USBH_LL_DriverVBUS
 .text.USBH_LL_SetToggle
                0x000000000800f384       0x66 USB_HOST/Target/usbh_conf.o
                0x000000000800f384                USBH_LL_SetToggle
 *fill*         0x000000000800f3ea        0x2 
 .text.USBH_Get_USB_Status
                0x000000000800f3ec       0x58 USB_HOST/Target/usbh_conf.o
                0x000000000800f3ec                USBH_Get_USB_Status
 .text.MX_DriverVbusFS
                0x000000000800f444       0x38 USB_HOST/Target/usbh_platform.o
                0x000000000800f444                MX_DriverVbusFS
 .text.__errno  0x000000000800f47c        0xc c:/st/stm32cubeide_1.4.0/stm32cubeide/plugins/com.st.stm32cube.ide.mcu.externaltools.gnu-tools-for-stm32.7-2018-q2-update.win32_1.4.0.202007081208/tools/bin/../lib/gcc/arm-none-eabi/7.3.1/../../../../arm-none-eabi/lib/thumb/v7e-m/fpv4-sp/hard\libc_nano.a(lib_a-errno.o)
                0x000000000800f47c                __errno
 .text.__libc_init_array
                0x000000000800f488       0x48 c:/st/stm32cubeide_1.4.0/stm32cubeide/plugins/com.st.stm32cube.ide.mcu.externaltools.gnu-tools-for-stm32.7-2018-q2-update.win32_1.4.0.202007081208/tools/bin/../lib/gcc/arm-none-eabi/7.3.1/../../../../arm-none-eabi/lib/thumb/v7e-m/fpv4-sp/hard\libc_nano.a(lib_a-init.o)
                0x000000000800f488                __libc_init_array
 .text.malloc   0x000000000800f4d0       0x10 c:/st/stm32cubeide_1.4.0/stm32cubeide/plugins/com.st.stm32cube.ide.mcu.externaltools.gnu-tools-for-stm32.7-2018-q2-update.win32_1.4.0.202007081208/tools/bin/../lib/gcc/arm-none-eabi/7.3.1/../../../../arm-none-eabi/lib/thumb/v7e-m/fpv4-sp/hard\libc_nano.a(lib_a-malloc.o)
                0x000000000800f4d0                malloc
 .text.free     0x000000000800f4e0       0x10 c:/st/stm32cubeide_1.4.0/stm32cubeide/plugins/com.st.stm32cube.ide.mcu.externaltools.gnu-tools-for-stm32.7-2018-q2-update.win32_1.4.0.202007081208/tools/bin/../lib/gcc/arm-none-eabi/7.3.1/../../../../arm-none-eabi/lib/thumb/v7e-m/fpv4-sp/hard\libc_nano.a(lib_a-malloc.o)
                0x000000000800f4e0                free
 .text.memset   0x000000000800f4f0       0x10 c:/st/stm32cubeide_1.4.0/stm32cubeide/plugins/com.st.stm32cube.ide.mcu.externaltools.gnu-tools-for-stm32.7-2018-q2-update.win32_1.4.0.202007081208/tools/bin/../lib/gcc/arm-none-eabi/7.3.1/../../../../arm-none-eabi/lib/thumb/v7e-m/fpv4-sp/hard\libc_nano.a(lib_a-memset.o)
                0x000000000800f4f0                memset
 .text._free_r  0x000000000800f500       0x9c c:/st/stm32cubeide_1.4.0/stm32cubeide/plugins/com.st.stm32cube.ide.mcu.externaltools.gnu-tools-for-stm32.7-2018-q2-update.win32_1.4.0.202007081208/tools/bin/../lib/gcc/arm-none-eabi/7.3.1/../../../../arm-none-eabi/lib/thumb/v7e-m/fpv4-sp/hard\libc_nano.a(lib_a-nano-freer.o)
                0x000000000800f500                _free_r
 .text._malloc_r
                0x000000000800f59c       0xb4 c:/st/stm32cubeide_1.4.0/stm32cubeide/plugins/com.st.stm32cube.ide.mcu.externaltools.gnu-tools-for-stm32.7-2018-q2-update.win32_1.4.0.202007081208/tools/bin/../lib/gcc/arm-none-eabi/7.3.1/../../../../arm-none-eabi/lib/thumb/v7e-m/fpv4-sp/hard\libc_nano.a(lib_a-nano-mallocr.o)
                0x000000000800f59c                _malloc_r
 .text._sbrk_r  0x000000000800f650       0x20 c:/st/stm32cubeide_1.4.0/stm32cubeide/plugins/com.st.stm32cube.ide.mcu.externaltools.gnu-tools-for-stm32.7-2018-q2-update.win32_1.4.0.202007081208/tools/bin/../lib/gcc/arm-none-eabi/7.3.1/../../../../arm-none-eabi/lib/thumb/v7e-m/fpv4-sp/hard\libc_nano.a(lib_a-sbrkr.o)
                0x000000000800f650                _sbrk_r
 .text.__malloc_lock
                0x000000000800f670        0x2 c:/st/stm32cubeide_1.4.0/stm32cubeide/plugins/com.st.stm32cube.ide.mcu.externaltools.gnu-tools-for-stm32.7-2018-q2-update.win32_1.4.0.202007081208/tools/bin/../lib/gcc/arm-none-eabi/7.3.1/../../../../arm-none-eabi/lib/thumb/v7e-m/fpv4-sp/hard\libc_nano.a(lib_a-mlock.o)
                0x000000000800f670                __malloc_lock
 .text.__malloc_unlock
                0x000000000800f672        0x2 c:/st/stm32cubeide_1.4.0/stm32cubeide/plugins/com.st.stm32cube.ide.mcu.externaltools.gnu-tools-for-stm32.7-2018-q2-update.win32_1.4.0.202007081208/tools/bin/../lib/gcc/arm-none-eabi/7.3.1/../../../../arm-none-eabi/lib/thumb/v7e-m/fpv4-sp/hard\libc_nano.a(lib_a-mlock.o)
                0x000000000800f672                __malloc_unlock
 *(.glue_7)
 .glue_7        0x000000000800f674        0x0 linker stubs
 *(.glue_7t)
 .glue_7t       0x000000000800f674        0x0 linker stubs
 *(.eh_frame)
 .eh_frame      0x000000000800f674        0x0 c:/st/stm32cubeide_1.4.0/stm32cubeide/plugins/com.st.stm32cube.ide.mcu.externaltools.gnu-tools-for-stm32.7-2018-q2-update.win32_1.4.0.202007081208/tools/bin/../lib/gcc/arm-none-eabi/7.3.1/thumb/v7e-m/fpv4-sp/hard/crtbegin.o
 *(.init)
 .init          0x000000000800f674        0x4 c:/st/stm32cubeide_1.4.0/stm32cubeide/plugins/com.st.stm32cube.ide.mcu.externaltools.gnu-tools-for-stm32.7-2018-q2-update.win32_1.4.0.202007081208/tools/bin/../lib/gcc/arm-none-eabi/7.3.1/thumb/v7e-m/fpv4-sp/hard/crti.o
                0x000000000800f674                _init
 .init          0x000000000800f678        0x8 c:/st/stm32cubeide_1.4.0/stm32cubeide/plugins/com.st.stm32cube.ide.mcu.externaltools.gnu-tools-for-stm32.7-2018-q2-update.win32_1.4.0.202007081208/tools/bin/../lib/gcc/arm-none-eabi/7.3.1/thumb/v7e-m/fpv4-sp/hard/crtn.o
 *(.fini)
 .fini          0x000000000800f680        0x4 c:/st/stm32cubeide_1.4.0/stm32cubeide/plugins/com.st.stm32cube.ide.mcu.externaltools.gnu-tools-for-stm32.7-2018-q2-update.win32_1.4.0.202007081208/tools/bin/../lib/gcc/arm-none-eabi/7.3.1/thumb/v7e-m/fpv4-sp/hard/crti.o
                0x000000000800f680                _fini
 .fini          0x000000000800f684        0x8 c:/st/stm32cubeide_1.4.0/stm32cubeide/plugins/com.st.stm32cube.ide.mcu.externaltools.gnu-tools-for-stm32.7-2018-q2-update.win32_1.4.0.202007081208/tools/bin/../lib/gcc/arm-none-eabi/7.3.1/thumb/v7e-m/fpv4-sp/hard/crtn.o
                0x000000000800f68c                . = ALIGN (0x4)
                0x000000000800f68c                _etext = .

.vfp11_veneer   0x000000000800f68c        0x0
 .vfp11_veneer  0x000000000800f68c        0x0 linker stubs

.v4_bx          0x000000000800f68c        0x0
 .v4_bx         0x000000000800f68c        0x0 linker stubs

.iplt           0x000000000800f68c        0x0
 .iplt          0x000000000800f68c        0x0 c:/st/stm32cubeide_1.4.0/stm32cubeide/plugins/com.st.stm32cube.ide.mcu.externaltools.gnu-tools-for-stm32.7-2018-q2-update.win32_1.4.0.202007081208/tools/bin/../lib/gcc/arm-none-eabi/7.3.1/thumb/v7e-m/fpv4-sp/hard/crtbegin.o

.rodata         0x000000000800f68c       0x44
                0x000000000800f68c                . = ALIGN (0x4)
 *(.rodata)
 .rodata        0x000000000800f68c       0x28 Core/Src/main.o
 .rodata        0x000000000800f6b4        0x4 Middlewares/ST/STM32_USB_Host_Library/Class/CDC/Src/usbh_cdc.o
 *(.rodata*)
 .rodata.AHBPrescTable
                0x000000000800f6b8       0x10 Core/Src/system_stm32f4xx.o
                0x000000000800f6b8                AHBPrescTable
 .rodata.APBPrescTable
                0x000000000800f6c8        0x8 Core/Src/system_stm32f4xx.o
                0x000000000800f6c8                APBPrescTable
                0x000000000800f6d0                . = ALIGN (0x4)

.ARM.extab      0x000000000800f6d0        0x0
                0x000000000800f6d0                . = ALIGN (0x4)
 *(.ARM.extab* .gnu.linkonce.armextab.*)
                0x000000000800f6d0                . = ALIGN (0x4)

.ARM            0x000000000800f6d0        0x8
                0x000000000800f6d0                . = ALIGN (0x4)
                0x000000000800f6d0                __exidx_start = .
 *(.ARM.exidx*)
 .ARM.exidx     0x000000000800f6d0        0x8 c:/st/stm32cubeide_1.4.0/stm32cubeide/plugins/com.st.stm32cube.ide.mcu.externaltools.gnu-tools-for-stm32.7-2018-q2-update.win32_1.4.0.202007081208/tools/bin/../lib/gcc/arm-none-eabi/7.3.1/thumb/v7e-m/fpv4-sp/hard\libgcc.a(_udivmoddi4.o)
                0x000000000800f6d8                __exidx_end = .
                0x000000000800f6d8                . = ALIGN (0x4)

.rel.dyn        0x000000000800f6d8        0x0
 .rel.iplt      0x000000000800f6d8        0x0 c:/st/stm32cubeide_1.4.0/stm32cubeide/plugins/com.st.stm32cube.ide.mcu.externaltools.gnu-tools-for-stm32.7-2018-q2-update.win32_1.4.0.202007081208/tools/bin/../lib/gcc/arm-none-eabi/7.3.1/thumb/v7e-m/fpv4-sp/hard/crtbegin.o

.preinit_array  0x000000000800f6d8        0x0
                0x000000000800f6d8                . = ALIGN (0x4)
                0x000000000800f6d8                PROVIDE (__preinit_array_start = .)
 *(.preinit_array*)
                0x000000000800f6d8                PROVIDE (__preinit_array_end = .)
                0x000000000800f6d8                . = ALIGN (0x4)

.init_array     0x000000000800f6d8        0x4
                0x000000000800f6d8                . = ALIGN (0x4)
                0x000000000800f6d8                PROVIDE (__init_array_start = .)
 *(SORT_BY_NAME(.init_array.*))
 *(.init_array*)
 .init_array    0x000000000800f6d8        0x4 c:/st/stm32cubeide_1.4.0/stm32cubeide/plugins/com.st.stm32cube.ide.mcu.externaltools.gnu-tools-for-stm32.7-2018-q2-update.win32_1.4.0.202007081208/tools/bin/../lib/gcc/arm-none-eabi/7.3.1/thumb/v7e-m/fpv4-sp/hard/crtbegin.o
                0x000000000800f6dc                PROVIDE (__init_array_end = .)
                0x000000000800f6dc                . = ALIGN (0x4)

.fini_array     0x000000000800f6dc        0x4
                0x000000000800f6dc                . = ALIGN (0x4)
                [!provide]                        PROVIDE (__fini_array_start = .)
 *(SORT_BY_NAME(.fini_array.*))
 *(.fini_array*)
 .fini_array    0x000000000800f6dc        0x4 c:/st/stm32cubeide_1.4.0/stm32cubeide/plugins/com.st.stm32cube.ide.mcu.externaltools.gnu-tools-for-stm32.7-2018-q2-update.win32_1.4.0.202007081208/tools/bin/../lib/gcc/arm-none-eabi/7.3.1/thumb/v7e-m/fpv4-sp/hard/crtbegin.o
                [!provide]                        PROVIDE (__fini_array_end = .)
                0x000000000800f6e0                . = ALIGN (0x4)
                0x000000000800f6e0                _sidata = LOADADDR (.data)

.data           0x0000000020000000       0x90 load address 0x000000000800f6e0
                0x0000000020000000                . = ALIGN (0x4)
                0x0000000020000000                _sdata = .
 *(.data)
 *(.data*)
 .data.SystemCoreClock
                0x0000000020000000        0x4 Core/Src/system_stm32f4xx.o
                0x0000000020000000                SystemCoreClock
 .data.uwTickPrio
                0x0000000020000004        0x4 Drivers/STM32F4xx_HAL_Driver/Src/stm32f4xx_hal.o
                0x0000000020000004                uwTickPrio
 .data.uwTickFreq
                0x0000000020000008        0x1 Drivers/STM32F4xx_HAL_Driver/Src/stm32f4xx_hal.o
                0x0000000020000008                uwTickFreq
 *fill*         0x0000000020000009        0x3 
 .data.CDC_Class
                0x000000002000000c       0x20 Middlewares/ST/STM32_USB_Host_Library/Class/CDC/Src/usbh_cdc.o
                0x000000002000000c                CDC_Class
 .data._impure_ptr
                0x000000002000002c        0x4 c:/st/stm32cubeide_1.4.0/stm32cubeide/plugins/com.st.stm32cube.ide.mcu.externaltools.gnu-tools-for-stm32.7-2018-q2-update.win32_1.4.0.202007081208/tools/bin/../lib/gcc/arm-none-eabi/7.3.1/../../../../arm-none-eabi/lib/thumb/v7e-m/fpv4-sp/hard\libc_nano.a(lib_a-impure.o)
                0x000000002000002c                _impure_ptr
 .data.impure_data
                0x0000000020000030       0x60 c:/st/stm32cubeide_1.4.0/stm32cubeide/plugins/com.st.stm32cube.ide.mcu.externaltools.gnu-tools-for-stm32.7-2018-q2-update.win32_1.4.0.202007081208/tools/bin/../lib/gcc/arm-none-eabi/7.3.1/../../../../arm-none-eabi/lib/thumb/v7e-m/fpv4-sp/hard\libc_nano.a(lib_a-impure.o)
                0x0000000020000090                . = ALIGN (0x4)
                0x0000000020000090                _edata = .

.igot.plt       0x0000000020000090        0x0 load address 0x000000000800f770
 .igot.plt      0x0000000020000090        0x0 c:/st/stm32cubeide_1.4.0/stm32cubeide/plugins/com.st.stm32cube.ide.mcu.externaltools.gnu-tools-for-stm32.7-2018-q2-update.win32_1.4.0.202007081208/tools/bin/../lib/gcc/arm-none-eabi/7.3.1/thumb/v7e-m/fpv4-sp/hard/crtbegin.o
                0x0000000020000090                . = ALIGN (0x4)

.bss            0x0000000020000090      0x814 load address 0x000000000800f770
                0x0000000020000090                _sbss = .
                0x0000000020000090                __bss_start__ = _sbss
 *(.bss)
 .bss           0x0000000020000090       0x1c c:/st/stm32cubeide_1.4.0/stm32cubeide/plugins/com.st.stm32cube.ide.mcu.externaltools.gnu-tools-for-stm32.7-2018-q2-update.win32_1.4.0.202007081208/tools/bin/../lib/gcc/arm-none-eabi/7.3.1/thumb/v7e-m/fpv4-sp/hard/crtbegin.o
 *(.bss*)
 .bss.__sbrk_heap_end
                0x00000000200000ac        0x4 Core/Src/sysmem.o
 .bss.tmpreg.8595
                0x00000000200000b0        0x4 Drivers/STM32F4xx_HAL_Driver/Src/stm32f4xx_ll_usb.o
 .bss.Appli_state
                0x00000000200000b4        0x1 USB_HOST/App/usb_host.o
                0x00000000200000b4                Appli_state
 *fill*         0x00000000200000b5        0x3 
 .bss.__malloc_free_list
                0x00000000200000b8        0x4 c:/st/stm32cubeide_1.4.0/stm32cubeide/plugins/com.st.stm32cube.ide.mcu.externaltools.gnu-tools-for-stm32.7-2018-q2-update.win32_1.4.0.202007081208/tools/bin/../lib/gcc/arm-none-eabi/7.3.1/../../../../arm-none-eabi/lib/thumb/v7e-m/fpv4-sp/hard\libc_nano.a(lib_a-nano-mallocr.o)
                0x00000000200000b8                __malloc_free_list
 .bss.__malloc_sbrk_start
                0x00000000200000bc        0x4 c:/st/stm32cubeide_1.4.0/stm32cubeide/plugins/com.st.stm32cube.ide.mcu.externaltools.gnu-tools-for-stm32.7-2018-q2-update.win32_1.4.0.202007081208/tools/bin/../lib/gcc/arm-none-eabi/7.3.1/../../../../arm-none-eabi/lib/thumb/v7e-m/fpv4-sp/hard\libc_nano.a(lib_a-nano-mallocr.o)
                0x00000000200000bc                __malloc_sbrk_start
 *(COMMON)
 COMMON         0x00000000200000c0      0x140 Core/Src/main.o
                0x00000000200000c0                Value
                0x00000000200000c4                hi2c1
                0x0000000020000118                hcrc
                0x0000000020000120                hspi1
                0x0000000020000178                huart2
                0x00000000200001b8                hi2s3
 COMMON         0x0000000020000200        0x4 Drivers/STM32F4xx_HAL_Driver/Src/stm32f4xx_hal.o
                0x0000000020000200                uwTick
 COMMON         0x0000000020000204      0x3d8 USB_HOST/App/usb_host.o
                0x0000000020000204                hUsbHostFS
 COMMON         0x00000000200005dc      0x2c4 USB_HOST/Target/usbh_conf.o
                0x00000000200005dc                hhcd_USB_OTG_FS
 COMMON         0x00000000200008a0        0x4 c:/st/stm32cubeide_1.4.0/stm32cubeide/plugins/com.st.stm32cube.ide.mcu.externaltools.gnu-tools-for-stm32.7-2018-q2-update.win32_1.4.0.202007081208/tools/bin/../lib/gcc/arm-none-eabi/7.3.1/../../../../arm-none-eabi/lib/thumb/v7e-m/fpv4-sp/hard\libc_nano.a(lib_a-reent.o)
                0x00000000200008a0                errno
                0x00000000200008a4                . = ALIGN (0x4)
                0x00000000200008a4                _ebss = .
                0x00000000200008a4                __bss_end__ = _ebss

._user_heap_stack
                0x00000000200008a4      0x604 load address 0x000000000800f770
                0x00000000200008a8                . = ALIGN (0x8)
 *fill*         0x00000000200008a4        0x4 
                [!provide]                        PROVIDE (end = .)
                0x00000000200008a8                PROVIDE (_end = .)
                0x0000000020000aa8                . = (. + _Min_Heap_Size)
 *fill*         0x00000000200008a8      0x200 
                0x0000000020000ea8                . = (. + _Min_Stack_Size)
 *fill*         0x0000000020000aa8      0x400 
                0x0000000020000ea8                . = ALIGN (0x8)

/DISCARD/
 libc.a(*)
 libm.a(*)
 libgcc.a(*)

.ARM.attributes
                0x0000000000000000       0x30
 *(.ARM.attributes)
 .ARM.attributes
                0x0000000000000000       0x22 c:/st/stm32cubeide_1.4.0/stm32cubeide/plugins/com.st.stm32cube.ide.mcu.externaltools.gnu-tools-for-stm32.7-2018-q2-update.win32_1.4.0.202007081208/tools/bin/../lib/gcc/arm-none-eabi/7.3.1/thumb/v7e-m/fpv4-sp/hard/crti.o
 .ARM.attributes
                0x0000000000000022       0x34 c:/st/stm32cubeide_1.4.0/stm32cubeide/plugins/com.st.stm32cube.ide.mcu.externaltools.gnu-tools-for-stm32.7-2018-q2-update.win32_1.4.0.202007081208/tools/bin/../lib/gcc/arm-none-eabi/7.3.1/thumb/v7e-m/fpv4-sp/hard/crtbegin.o
 .ARM.attributes
                0x0000000000000056       0x39 Core/Src/main.o
 .ARM.attributes
                0x000000000000008f       0x39 Core/Src/stm32f4xx_hal_msp.o
 .ARM.attributes
                0x00000000000000c8       0x39 Core/Src/stm32f4xx_it.o
 .ARM.attributes
                0x0000000000000101       0x39 Core/Src/sysmem.o
 .ARM.attributes
                0x000000000000013a       0x39 Core/Src/system_stm32f4xx.o
 .ARM.attributes
                0x0000000000000173       0x21 Core/Startup/startup_stm32f407vgtx.o
 .ARM.attributes
                0x0000000000000194       0x39 Drivers/STM32F4xx_HAL_Driver/Src/stm32f4xx_hal.o
 .ARM.attributes
                0x00000000000001cd       0x39 Drivers/STM32F4xx_HAL_Driver/Src/stm32f4xx_hal_cortex.o
 .ARM.attributes
                0x0000000000000206       0x39 Drivers/STM32F4xx_HAL_Driver/Src/stm32f4xx_hal_crc.o
 .ARM.attributes
                0x000000000000023f       0x39 Drivers/STM32F4xx_HAL_Driver/Src/stm32f4xx_hal_gpio.o
 .ARM.attributes
                0x0000000000000278       0x39 Drivers/STM32F4xx_HAL_Driver/Src/stm32f4xx_hal_hcd.o
 .ARM.attributes
                0x00000000000002b1       0x39 Drivers/STM32F4xx_HAL_Driver/Src/stm32f4xx_hal_i2c.o
 .ARM.attributes
                0x00000000000002ea       0x39 Drivers/STM32F4xx_HAL_Driver/Src/stm32f4xx_hal_i2s.o
 .ARM.attributes
                0x0000000000000323       0x39 Drivers/STM32F4xx_HAL_Driver/Src/stm32f4xx_hal_i2s_ex.o
 .ARM.attributes
                0x000000000000035c       0x39 Drivers/STM32F4xx_HAL_Driver/Src/stm32f4xx_hal_rcc.o
 .ARM.attributes
                0x0000000000000395       0x39 Drivers/STM32F4xx_HAL_Driver/Src/stm32f4xx_hal_rcc_ex.o
 .ARM.attributes
                0x00000000000003ce       0x39 Drivers/STM32F4xx_HAL_Driver/Src/stm32f4xx_hal_spi.o
 .ARM.attributes
                0x0000000000000407       0x39 Drivers/STM32F4xx_HAL_Driver/Src/stm32f4xx_hal_uart.o
 .ARM.attributes
                0x0000000000000440       0x39 Drivers/STM32F4xx_HAL_Driver/Src/stm32f4xx_ll_usb.o
 .ARM.attributes
                0x0000000000000479       0x39 Middlewares/ST/STM32_USB_Host_Library/Class/CDC/Src/usbh_cdc.o
 .ARM.attributes
                0x00000000000004b2       0x39 Middlewares/ST/STM32_USB_Host_Library/Core/Src/usbh_core.o
 .ARM.attributes
                0x00000000000004eb       0x39 Middlewares/ST/STM32_USB_Host_Library/Core/Src/usbh_ctlreq.o
 .ARM.attributes
                0x0000000000000524       0x39 Middlewares/ST/STM32_USB_Host_Library/Core/Src/usbh_ioreq.o
 .ARM.attributes
                0x000000000000055d       0x39 Middlewares/ST/STM32_USB_Host_Library/Core/Src/usbh_pipes.o
 .ARM.attributes
                0x0000000000000596       0x39 USB_HOST/App/usb_host.o
 .ARM.attributes
                0x00000000000005cf       0x39 USB_HOST/Target/usbh_conf.o
 .ARM.attributes
                0x0000000000000608       0x39 USB_HOST/Target/usbh_platform.o
 .ARM.attributes
                0x0000000000000641       0x34 c:/st/stm32cubeide_1.4.0/stm32cubeide/plugins/com.st.stm32cube.ide.mcu.externaltools.gnu-tools-for-stm32.7-2018-q2-update.win32_1.4.0.202007081208/tools/bin/../lib/gcc/arm-none-eabi/7.3.1/../../../../arm-none-eabi/lib/thumb/v7e-m/fpv4-sp/hard\libc_nano.a(lib_a-errno.o)
 .ARM.attributes
                0x0000000000000675       0x34 c:/st/stm32cubeide_1.4.0/stm32cubeide/plugins/com.st.stm32cube.ide.mcu.externaltools.gnu-tools-for-stm32.7-2018-q2-update.win32_1.4.0.202007081208/tools/bin/../lib/gcc/arm-none-eabi/7.3.1/../../../../arm-none-eabi/lib/thumb/v7e-m/fpv4-sp/hard\libc_nano.a(lib_a-impure.o)
 .ARM.attributes
                0x00000000000006a9       0x34 c:/st/stm32cubeide_1.4.0/stm32cubeide/plugins/com.st.stm32cube.ide.mcu.externaltools.gnu-tools-for-stm32.7-2018-q2-update.win32_1.4.0.202007081208/tools/bin/../lib/gcc/arm-none-eabi/7.3.1/../../../../arm-none-eabi/lib/thumb/v7e-m/fpv4-sp/hard\libc_nano.a(lib_a-init.o)
 .ARM.attributes
                0x00000000000006dd       0x34 c:/st/stm32cubeide_1.4.0/stm32cubeide/plugins/com.st.stm32cube.ide.mcu.externaltools.gnu-tools-for-stm32.7-2018-q2-update.win32_1.4.0.202007081208/tools/bin/../lib/gcc/arm-none-eabi/7.3.1/../../../../arm-none-eabi/lib/thumb/v7e-m/fpv4-sp/hard\libc_nano.a(lib_a-malloc.o)
 .ARM.attributes
                0x0000000000000711       0x34 c:/st/stm32cubeide_1.4.0/stm32cubeide/plugins/com.st.stm32cube.ide.mcu.externaltools.gnu-tools-for-stm32.7-2018-q2-update.win32_1.4.0.202007081208/tools/bin/../lib/gcc/arm-none-eabi/7.3.1/../../../../arm-none-eabi/lib/thumb/v7e-m/fpv4-sp/hard\libc_nano.a(lib_a-memset.o)
 .ARM.attributes
                0x0000000000000745       0x34 c:/st/stm32cubeide_1.4.0/stm32cubeide/plugins/com.st.stm32cube.ide.mcu.externaltools.gnu-tools-for-stm32.7-2018-q2-update.win32_1.4.0.202007081208/tools/bin/../lib/gcc/arm-none-eabi/7.3.1/../../../../arm-none-eabi/lib/thumb/v7e-m/fpv4-sp/hard\libc_nano.a(lib_a-nano-freer.o)
 .ARM.attributes
                0x0000000000000779       0x34 c:/st/stm32cubeide_1.4.0/stm32cubeide/plugins/com.st.stm32cube.ide.mcu.externaltools.gnu-tools-for-stm32.7-2018-q2-update.win32_1.4.0.202007081208/tools/bin/../lib/gcc/arm-none-eabi/7.3.1/../../../../arm-none-eabi/lib/thumb/v7e-m/fpv4-sp/hard\libc_nano.a(lib_a-nano-mallocr.o)
 .ARM.attributes
                0x00000000000007ad       0x34 c:/st/stm32cubeide_1.4.0/stm32cubeide/plugins/com.st.stm32cube.ide.mcu.externaltools.gnu-tools-for-stm32.7-2018-q2-update.win32_1.4.0.202007081208/tools/bin/../lib/gcc/arm-none-eabi/7.3.1/../../../../arm-none-eabi/lib/thumb/v7e-m/fpv4-sp/hard\libc_nano.a(lib_a-sbrkr.o)
 .ARM.attributes
                0x00000000000007e1       0x34 c:/st/stm32cubeide_1.4.0/stm32cubeide/plugins/com.st.stm32cube.ide.mcu.externaltools.gnu-tools-for-stm32.7-2018-q2-update.win32_1.4.0.202007081208/tools/bin/../lib/gcc/arm-none-eabi/7.3.1/../../../../arm-none-eabi/lib/thumb/v7e-m/fpv4-sp/hard\libc_nano.a(lib_a-mlock.o)
 .ARM.attributes
                0x0000000000000815       0x34 c:/st/stm32cubeide_1.4.0/stm32cubeide/plugins/com.st.stm32cube.ide.mcu.externaltools.gnu-tools-for-stm32.7-2018-q2-update.win32_1.4.0.202007081208/tools/bin/../lib/gcc/arm-none-eabi/7.3.1/../../../../arm-none-eabi/lib/thumb/v7e-m/fpv4-sp/hard\libc_nano.a(lib_a-reent.o)
 .ARM.attributes
                0x0000000000000849       0x22 c:/st/stm32cubeide_1.4.0/stm32cubeide/plugins/com.st.stm32cube.ide.mcu.externaltools.gnu-tools-for-stm32.7-2018-q2-update.win32_1.4.0.202007081208/tools/bin/../lib/gcc/arm-none-eabi/7.3.1/thumb/v7e-m/fpv4-sp/hard\libgcc.a(_aeabi_uldivmod.o)
 .ARM.attributes
                0x000000000000086b       0x34 c:/st/stm32cubeide_1.4.0/stm32cubeide/plugins/com.st.stm32cube.ide.mcu.externaltools.gnu-tools-for-stm32.7-2018-q2-update.win32_1.4.0.202007081208/tools/bin/../lib/gcc/arm-none-eabi/7.3.1/thumb/v7e-m/fpv4-sp/hard\libgcc.a(_udivmoddi4.o)
 .ARM.attributes
                0x000000000000089f       0x22 c:/st/stm32cubeide_1.4.0/stm32cubeide/plugins/com.st.stm32cube.ide.mcu.externaltools.gnu-tools-for-stm32.7-2018-q2-update.win32_1.4.0.202007081208/tools/bin/../lib/gcc/arm-none-eabi/7.3.1/thumb/v7e-m/fpv4-sp/hard\libgcc.a(_dvmd_tls.o)
 .ARM.attributes
                0x00000000000008c1       0x22 c:/st/stm32cubeide_1.4.0/stm32cubeide/plugins/com.st.stm32cube.ide.mcu.externaltools.gnu-tools-for-stm32.7-2018-q2-update.win32_1.4.0.202007081208/tools/bin/../lib/gcc/arm-none-eabi/7.3.1/thumb/v7e-m/fpv4-sp/hard/crtn.o
OUTPUT(CRC_project.elf elf32-littlearm)

.debug_info     0x0000000000000000    0x1a42a
 .debug_info    0x0000000000000000     0x13f9 Core/Src/main.o
 .debug_info    0x00000000000013f9     0x12cb Core/Src/stm32f4xx_hal_msp.o
 .debug_info    0x00000000000026c4      0x6b4 Core/Src/stm32f4xx_it.o
 .debug_info    0x0000000000002d78      0x985 Core/Src/sysmem.o
 .debug_info    0x00000000000036fd      0x554 Core/Src/system_stm32f4xx.o
 .debug_info    0x0000000000003c51       0x22 Core/Startup/startup_stm32f407vgtx.o
 .debug_info    0x0000000000003c73      0x945 Drivers/STM32F4xx_HAL_Driver/Src/stm32f4xx_hal.o
 .debug_info    0x00000000000045b8      0xe28 Drivers/STM32F4xx_HAL_Driver/Src/stm32f4xx_hal_cortex.o
 .debug_info    0x00000000000053e0      0x441 Drivers/STM32F4xx_HAL_Driver/Src/stm32f4xx_hal_crc.o
 .debug_info    0x0000000000005821      0x7b5 Drivers/STM32F4xx_HAL_Driver/Src/stm32f4xx_hal_gpio.o
 .debug_info    0x0000000000005fd6      0xe5f Drivers/STM32F4xx_HAL_Driver/Src/stm32f4xx_hal_hcd.o
 .debug_info    0x0000000000006e35     0x2426 Drivers/STM32F4xx_HAL_Driver/Src/stm32f4xx_hal_i2c.o
 .debug_info    0x000000000000925b      0xe5e Drivers/STM32F4xx_HAL_Driver/Src/stm32f4xx_hal_i2s.o
 .debug_info    0x000000000000a0b9      0xb76 Drivers/STM32F4xx_HAL_Driver/Src/stm32f4xx_hal_i2s_ex.o
 .debug_info    0x000000000000ac2f      0x904 Drivers/STM32F4xx_HAL_Driver/Src/stm32f4xx_hal_rcc.o
 .debug_info    0x000000000000b533      0x5ae Drivers/STM32F4xx_HAL_Driver/Src/stm32f4xx_hal_rcc_ex.o
 .debug_info    0x000000000000bae1     0x163a Drivers/STM32F4xx_HAL_Driver/Src/stm32f4xx_hal_spi.o
 .debug_info    0x000000000000d11b     0x124c Drivers/STM32F4xx_HAL_Driver/Src/stm32f4xx_hal_uart.o
 .debug_info    0x000000000000e367     0x18dd Drivers/STM32F4xx_HAL_Driver/Src/stm32f4xx_ll_usb.o
 .debug_info    0x000000000000fc44     0x1ad3 Middlewares/ST/STM32_USB_Host_Library/Class/CDC/Src/usbh_cdc.o
 .debug_info    0x0000000000011717     0x16b2 Middlewares/ST/STM32_USB_Host_Library/Core/Src/usbh_core.o
 .debug_info    0x0000000000012dc9     0x1772 Middlewares/ST/STM32_USB_Host_Library/Core/Src/usbh_ctlreq.o
 .debug_info    0x000000000001453b     0x14df Middlewares/ST/STM32_USB_Host_Library/Core/Src/usbh_ioreq.o
 .debug_info    0x0000000000015a1a     0x1321 Middlewares/ST/STM32_USB_Host_Library/Core/Src/usbh_pipes.o
 .debug_info    0x0000000000016d3b     0x1275 USB_HOST/App/usb_host.o
 .debug_info    0x0000000000017fb0     0x2200 USB_HOST/Target/usbh_conf.o
 .debug_info    0x000000000001a1b0      0x27a USB_HOST/Target/usbh_platform.o

.debug_abbrev   0x0000000000000000     0x396b
 .debug_abbrev  0x0000000000000000      0x1fb Core/Src/main.o
 .debug_abbrev  0x00000000000001fb      0x1de Core/Src/stm32f4xx_hal_msp.o
 .debug_abbrev  0x00000000000003d9      0x164 Core/Src/stm32f4xx_it.o
 .debug_abbrev  0x000000000000053d      0x19b Core/Src/sysmem.o
 .debug_abbrev  0x00000000000006d8      0x12b Core/Src/system_stm32f4xx.o
 .debug_abbrev  0x0000000000000803       0x12 Core/Startup/startup_stm32f407vgtx.o
 .debug_abbrev  0x0000000000000815      0x1c7 Drivers/STM32F4xx_HAL_Driver/Src/stm32f4xx_hal.o
 .debug_abbrev  0x00000000000009dc      0x2fa Drivers/STM32F4xx_HAL_Driver/Src/stm32f4xx_hal_cortex.o
 .debug_abbrev  0x0000000000000cd6      0x1b7 Drivers/STM32F4xx_HAL_Driver/Src/stm32f4xx_hal_crc.o
 .debug_abbrev  0x0000000000000e8d      0x1c9 Drivers/STM32F4xx_HAL_Driver/Src/stm32f4xx_hal_gpio.o
 .debug_abbrev  0x0000000000001056      0x255 Drivers/STM32F4xx_HAL_Driver/Src/stm32f4xx_hal_hcd.o
 .debug_abbrev  0x00000000000012ab      0x254 Drivers/STM32F4xx_HAL_Driver/Src/stm32f4xx_hal_i2c.o
 .debug_abbrev  0x00000000000014ff      0x21b Drivers/STM32F4xx_HAL_Driver/Src/stm32f4xx_hal_i2s.o
 .debug_abbrev  0x000000000000171a      0x246 Drivers/STM32F4xx_HAL_Driver/Src/stm32f4xx_hal_i2s_ex.o
 .debug_abbrev  0x0000000000001960      0x245 Drivers/STM32F4xx_HAL_Driver/Src/stm32f4xx_hal_rcc.o
 .debug_abbrev  0x0000000000001ba5      0x173 Drivers/STM32F4xx_HAL_Driver/Src/stm32f4xx_hal_rcc_ex.o
 .debug_abbrev  0x0000000000001d18      0x240 Drivers/STM32F4xx_HAL_Driver/Src/stm32f4xx_hal_spi.o
 .debug_abbrev  0x0000000000001f58      0x242 Drivers/STM32F4xx_HAL_Driver/Src/stm32f4xx_hal_uart.o
 .debug_abbrev  0x000000000000219a      0x26d Drivers/STM32F4xx_HAL_Driver/Src/stm32f4xx_ll_usb.o
 .debug_abbrev  0x0000000000002407      0x308 Middlewares/ST/STM32_USB_Host_Library/Class/CDC/Src/usbh_cdc.o
 .debug_abbrev  0x000000000000270f      0x362 Middlewares/ST/STM32_USB_Host_Library/Core/Src/usbh_core.o
 .debug_abbrev  0x0000000000002a71      0x31b Middlewares/ST/STM32_USB_Host_Library/Core/Src/usbh_ctlreq.o
 .debug_abbrev  0x0000000000002d8c      0x279 Middlewares/ST/STM32_USB_Host_Library/Core/Src/usbh_ioreq.o
 .debug_abbrev  0x0000000000003005      0x2b1 Middlewares/ST/STM32_USB_Host_Library/Core/Src/usbh_pipes.o
 .debug_abbrev  0x00000000000032b6      0x268 USB_HOST/App/usb_host.o
 .debug_abbrev  0x000000000000351e      0x349 USB_HOST/Target/usbh_conf.o
 .debug_abbrev  0x0000000000003867      0x104 USB_HOST/Target/usbh_platform.o

.debug_aranges  0x0000000000000000     0x1358
 .debug_aranges
                0x0000000000000000       0x60 Core/Src/main.o
 .debug_aranges
                0x0000000000000060       0x70 Core/Src/stm32f4xx_hal_msp.o
 .debug_aranges
                0x00000000000000d0       0x68 Core/Src/stm32f4xx_it.o
 .debug_aranges
                0x0000000000000138       0x20 Core/Src/sysmem.o
 .debug_aranges
                0x0000000000000158       0x28 Core/Src/system_stm32f4xx.o
 .debug_aranges
                0x0000000000000180       0x28 Core/Startup/startup_stm32f407vgtx.o
 .debug_aranges
                0x00000000000001a8       0xf0 Drivers/STM32F4xx_HAL_Driver/Src/stm32f4xx_hal.o
 .debug_aranges
                0x0000000000000298      0x118 Drivers/STM32F4xx_HAL_Driver/Src/stm32f4xx_hal_cortex.o
 .debug_aranges
                0x00000000000003b0       0x50 Drivers/STM32F4xx_HAL_Driver/Src/stm32f4xx_hal_crc.o
 .debug_aranges
                0x0000000000000400       0x58 Drivers/STM32F4xx_HAL_Driver/Src/stm32f4xx_hal_gpio.o
 .debug_aranges
                0x0000000000000458       0xf8 Drivers/STM32F4xx_HAL_Driver/Src/stm32f4xx_hal_hcd.o
 .debug_aranges
                0x0000000000000550      0x2a0 Drivers/STM32F4xx_HAL_Driver/Src/stm32f4xx_hal_i2c.o
 .debug_aranges
                0x00000000000007f0      0x108 Drivers/STM32F4xx_HAL_Driver/Src/stm32f4xx_hal_i2s.o
 .debug_aranges
                0x00000000000008f8       0x88 Drivers/STM32F4xx_HAL_Driver/Src/stm32f4xx_hal_i2s_ex.o
 .debug_aranges
                0x0000000000000980       0x88 Drivers/STM32F4xx_HAL_Driver/Src/stm32f4xx_hal_rcc.o
 .debug_aranges
                0x0000000000000a08       0x48 Drivers/STM32F4xx_HAL_Driver/Src/stm32f4xx_hal_rcc_ex.o
 .debug_aranges
                0x0000000000000a50      0x1d0 Drivers/STM32F4xx_HAL_Driver/Src/stm32f4xx_hal_spi.o
 .debug_aranges
                0x0000000000000c20      0x1d0 Drivers/STM32F4xx_HAL_Driver/Src/stm32f4xx_hal_uart.o
 .debug_aranges
                0x0000000000000df0      0x198 Drivers/STM32F4xx_HAL_Driver/Src/stm32f4xx_ll_usb.o
 .debug_aranges
                0x0000000000000f88       0xa8 Middlewares/ST/STM32_USB_Host_Library/Class/CDC/Src/usbh_cdc.o
 .debug_aranges
                0x0000000000001030       0xc0 Middlewares/ST/STM32_USB_Host_Library/Core/Src/usbh_core.o
 .debug_aranges
                0x00000000000010f0       0xa0 Middlewares/ST/STM32_USB_Host_Library/Core/Src/usbh_ctlreq.o
 .debug_aranges
                0x0000000000001190       0x60 Middlewares/ST/STM32_USB_Host_Library/Core/Src/usbh_ioreq.o
 .debug_aranges
                0x00000000000011f0       0x40 Middlewares/ST/STM32_USB_Host_Library/Core/Src/usbh_pipes.o
 .debug_aranges
                0x0000000000001230       0x30 USB_HOST/App/usb_host.o
 .debug_aranges
                0x0000000000001260       0xd8 USB_HOST/Target/usbh_conf.o
 .debug_aranges
                0x0000000000001338       0x20 USB_HOST/Target/usbh_platform.o

.debug_ranges   0x0000000000000000     0x11d8
 .debug_ranges  0x0000000000000000       0x50 Core/Src/main.o
 .debug_ranges  0x0000000000000050       0x60 Core/Src/stm32f4xx_hal_msp.o
 .debug_ranges  0x00000000000000b0       0x58 Core/Src/stm32f4xx_it.o
 .debug_ranges  0x0000000000000108       0x10 Core/Src/sysmem.o
 .debug_ranges  0x0000000000000118       0x18 Core/Src/system_stm32f4xx.o
 .debug_ranges  0x0000000000000130       0x20 Core/Startup/startup_stm32f407vgtx.o
 .debug_ranges  0x0000000000000150       0xe0 Drivers/STM32F4xx_HAL_Driver/Src/stm32f4xx_hal.o
 .debug_ranges  0x0000000000000230      0x108 Drivers/STM32F4xx_HAL_Driver/Src/stm32f4xx_hal_cortex.o
 .debug_ranges  0x0000000000000338       0x40 Drivers/STM32F4xx_HAL_Driver/Src/stm32f4xx_hal_crc.o
 .debug_ranges  0x0000000000000378       0x48 Drivers/STM32F4xx_HAL_Driver/Src/stm32f4xx_hal_gpio.o
 .debug_ranges  0x00000000000003c0       0xe8 Drivers/STM32F4xx_HAL_Driver/Src/stm32f4xx_hal_hcd.o
 .debug_ranges  0x00000000000004a8      0x2b8 Drivers/STM32F4xx_HAL_Driver/Src/stm32f4xx_hal_i2c.o
 .debug_ranges  0x0000000000000760       0xf8 Drivers/STM32F4xx_HAL_Driver/Src/stm32f4xx_hal_i2s.o
 .debug_ranges  0x0000000000000858       0x78 Drivers/STM32F4xx_HAL_Driver/Src/stm32f4xx_hal_i2s_ex.o
 .debug_ranges  0x00000000000008d0       0x78 Drivers/STM32F4xx_HAL_Driver/Src/stm32f4xx_hal_rcc.o
 .debug_ranges  0x0000000000000948       0x38 Drivers/STM32F4xx_HAL_Driver/Src/stm32f4xx_hal_rcc_ex.o
 .debug_ranges  0x0000000000000980      0x1c0 Drivers/STM32F4xx_HAL_Driver/Src/stm32f4xx_hal_spi.o
 .debug_ranges  0x0000000000000b40      0x1c0 Drivers/STM32F4xx_HAL_Driver/Src/stm32f4xx_hal_uart.o
 .debug_ranges  0x0000000000000d00      0x188 Drivers/STM32F4xx_HAL_Driver/Src/stm32f4xx_ll_usb.o
 .debug_ranges  0x0000000000000e88       0x98 Middlewares/ST/STM32_USB_Host_Library/Class/CDC/Src/usbh_cdc.o
 .debug_ranges  0x0000000000000f20       0xb0 Middlewares/ST/STM32_USB_Host_Library/Core/Src/usbh_core.o
 .debug_ranges  0x0000000000000fd0       0x90 Middlewares/ST/STM32_USB_Host_Library/Core/Src/usbh_ctlreq.o
 .debug_ranges  0x0000000000001060       0x50 Middlewares/ST/STM32_USB_Host_Library/Core/Src/usbh_ioreq.o
 .debug_ranges  0x00000000000010b0       0x30 Middlewares/ST/STM32_USB_Host_Library/Core/Src/usbh_pipes.o
 .debug_ranges  0x00000000000010e0       0x20 USB_HOST/App/usb_host.o
 .debug_ranges  0x0000000000001100       0xc8 USB_HOST/Target/usbh_conf.o
 .debug_ranges  0x00000000000011c8       0x10 USB_HOST/Target/usbh_platform.o

.debug_macro    0x0000000000000000    0x2418b
 .debug_macro   0x0000000000000000      0x233 Core/Src/main.o
 .debug_macro   0x0000000000000233      0xa5a Core/Src/main.o
 .debug_macro   0x0000000000000c8d      0x2ac Core/Src/main.o
 .debug_macro   0x0000000000000f39       0x2e Core/Src/main.o
 .debug_macro   0x0000000000000f67       0x2f Core/Src/main.o
 .debug_macro   0x0000000000000f96       0x22 Core/Src/main.o
 .debug_macro   0x0000000000000fb8       0x8e Core/Src/main.o
 .debug_macro   0x0000000000001046       0x51 Core/Src/main.o
 .debug_macro   0x0000000000001097       0xef Core/Src/main.o
 .debug_macro   0x0000000000001186       0x6a Core/Src/main.o
 .debug_macro   0x00000000000011f0      0x1df Core/Src/main.o
 .debug_macro   0x00000000000013cf       0x1c Core/Src/main.o
 .debug_macro   0x00000000000013eb       0x22 Core/Src/main.o
 .debug_macro   0x000000000000140d       0xdf Core/Src/main.o
 .debug_macro   0x00000000000014ec     0x102d Core/Src/main.o
 .debug_macro   0x0000000000002519      0x11f Core/Src/main.o
 .debug_macro   0x0000000000002638    0x15e3c Core/Src/main.o
 .debug_macro   0x0000000000018474       0x43 Core/Src/main.o
 .debug_macro   0x00000000000184b7     0x3659 Core/Src/main.o
 .debug_macro   0x000000000001bb10      0x174 Core/Src/main.o
 .debug_macro   0x000000000001bc84       0x5a Core/Src/main.o
 .debug_macro   0x000000000001bcde      0x96b Core/Src/main.o
 .debug_macro   0x000000000001c649      0x9fe Core/Src/main.o
 .debug_macro   0x000000000001d047      0x117 Core/Src/main.o
 .debug_macro   0x000000000001d15e      0x13e Core/Src/main.o
 .debug_macro   0x000000000001d29c       0x27 Core/Src/main.o
 .debug_macro   0x000000000001d2c3      0x174 Core/Src/main.o
 .debug_macro   0x000000000001d437      0x287 Core/Src/main.o
 .debug_macro   0x000000000001d6be       0x5f Core/Src/main.o
 .debug_macro   0x000000000001d71d      0x236 Core/Src/main.o
 .debug_macro   0x000000000001d953       0x22 Core/Src/main.o
 .debug_macro   0x000000000001d975      0x12c Core/Src/main.o
 .debug_macro   0x000000000001daa1      0x21e Core/Src/main.o
 .debug_macro   0x000000000001dcbf       0x2e Core/Src/main.o
 .debug_macro   0x000000000001dced      0x1b5 Core/Src/main.o
 .debug_macro   0x000000000001dea2       0xd6 Core/Src/main.o
 .debug_macro   0x000000000001df78      0x1a7 Core/Src/main.o
 .debug_macro   0x000000000001e11f       0x46 Core/Src/main.o
 .debug_macro   0x000000000001e165       0x4a Core/Src/main.o
 .debug_macro   0x000000000001e1af      0x11a Core/Src/main.o
 .debug_macro   0x000000000001e2c9       0x7e Core/Src/main.o
 .debug_macro   0x000000000001e347       0x89 Core/Src/main.o
 .debug_macro   0x000000000001e3d0      0x225 Core/Src/main.o
 .debug_macro   0x000000000001e5f5      0x287 Core/Src/main.o
 .debug_macro   0x000000000001e87c      0x21e Core/Src/main.o
 .debug_macro   0x000000000001ea9a       0x68 Core/Src/main.o
 .debug_macro   0x000000000001eb02      0x12d Core/Src/main.o
 .debug_macro   0x000000000001ec2f      0x190 Core/Src/main.o
 .debug_macro   0x000000000001edbf      0x229 Core/Src/stm32f4xx_hal_msp.o
 .debug_macro   0x000000000001efe8      0x233 Core/Src/stm32f4xx_it.o
 .debug_macro   0x000000000001f21b       0xee Core/Src/sysmem.o
 .debug_macro   0x000000000001f309      0x23b Core/Src/sysmem.o
 .debug_macro   0x000000000001f544      0x220 Core/Src/system_stm32f4xx.o
 .debug_macro   0x000000000001f764      0x27a Drivers/STM32F4xx_HAL_Driver/Src/stm32f4xx_hal.o
 .debug_macro   0x000000000001f9de      0x21a Drivers/STM32F4xx_HAL_Driver/Src/stm32f4xx_hal_cortex.o
 .debug_macro   0x000000000001fbf8      0x21a Drivers/STM32F4xx_HAL_Driver/Src/stm32f4xx_hal_crc.o
 .debug_macro   0x000000000001fe12      0x250 Drivers/STM32F4xx_HAL_Driver/Src/stm32f4xx_hal_gpio.o
 .debug_macro   0x0000000000020062      0x21a Drivers/STM32F4xx_HAL_Driver/Src/stm32f4xx_hal_hcd.o
 .debug_macro   0x000000000002027c      0x261 Drivers/STM32F4xx_HAL_Driver/Src/stm32f4xx_hal_i2c.o
 .debug_macro   0x00000000000204dd      0x222 Drivers/STM32F4xx_HAL_Driver/Src/stm32f4xx_hal_i2s.o
 .debug_macro   0x00000000000206ff      0x21a Drivers/STM32F4xx_HAL_Driver/Src/stm32f4xx_hal_i2s_ex.o
 .debug_macro   0x0000000000020919      0x23e Drivers/STM32F4xx_HAL_Driver/Src/stm32f4xx_hal_rcc.o
 .debug_macro   0x0000000000020b57      0x21a Drivers/STM32F4xx_HAL_Driver/Src/stm32f4xx_hal_rcc_ex.o
 .debug_macro   0x0000000000020d71      0x229 Drivers/STM32F4xx_HAL_Driver/Src/stm32f4xx_hal_spi.o
 .debug_macro   0x0000000000020f9a      0x21b Drivers/STM32F4xx_HAL_Driver/Src/stm32f4xx_hal_uart.o
 .debug_macro   0x00000000000211b5      0x21a Drivers/STM32F4xx_HAL_Driver/Src/stm32f4xx_ll_usb.o
 .debug_macro   0x00000000000213cf      0x43f Middlewares/ST/STM32_USB_Host_Library/Class/CDC/Src/usbh_cdc.o
 .debug_macro   0x000000000002180e       0x16 Middlewares/ST/STM32_USB_Host_Library/Class/CDC/Src/usbh_cdc.o
 .debug_macro   0x0000000000021824       0x97 Middlewares/ST/STM32_USB_Host_Library/Class/CDC/Src/usbh_cdc.o
 .debug_macro   0x00000000000218bb       0xfd Middlewares/ST/STM32_USB_Host_Library/Class/CDC/Src/usbh_cdc.o
 .debug_macro   0x00000000000219b8       0x16 Middlewares/ST/STM32_USB_Host_Library/Class/CDC/Src/usbh_cdc.o
 .debug_macro   0x00000000000219ce       0x20 Middlewares/ST/STM32_USB_Host_Library/Class/CDC/Src/usbh_cdc.o
 .debug_macro   0x00000000000219ee       0xd9 Middlewares/ST/STM32_USB_Host_Library/Class/CDC/Src/usbh_cdc.o
 .debug_macro   0x0000000000021ac7       0x54 Middlewares/ST/STM32_USB_Host_Library/Class/CDC/Src/usbh_cdc.o
 .debug_macro   0x0000000000021b1b       0x73 Middlewares/ST/STM32_USB_Host_Library/Class/CDC/Src/usbh_cdc.o
 .debug_macro   0x0000000000021b8e      0x218 Middlewares/ST/STM32_USB_Host_Library/Class/CDC/Src/usbh_cdc.o
 .debug_macro   0x0000000000021da6       0x2e Middlewares/ST/STM32_USB_Host_Library/Class/CDC/Src/usbh_cdc.o
 .debug_macro   0x0000000000021dd4       0x2e Middlewares/ST/STM32_USB_Host_Library/Class/CDC/Src/usbh_cdc.o
 .debug_macro   0x0000000000021e02       0x28 Middlewares/ST/STM32_USB_Host_Library/Class/CDC/Src/usbh_cdc.o
 .debug_macro   0x0000000000021e2a      0x15c Middlewares/ST/STM32_USB_Host_Library/Class/CDC/Src/usbh_cdc.o
 .debug_macro   0x0000000000021f86      0x43c Middlewares/ST/STM32_USB_Host_Library/Core/Src/usbh_core.o
 .debug_macro   0x00000000000223c2      0x434 Middlewares/ST/STM32_USB_Host_Library/Core/Src/usbh_ctlreq.o
 .debug_macro   0x00000000000227f6       0x28 Middlewares/ST/STM32_USB_Host_Library/Core/Src/usbh_ctlreq.o
 .debug_macro   0x000000000002281e      0x42e Middlewares/ST/STM32_USB_Host_Library/Core/Src/usbh_ioreq.o
 .debug_macro   0x0000000000022c4c      0x42e Middlewares/ST/STM32_USB_Host_Library/Core/Src/usbh_pipes.o
 .debug_macro   0x000000000002307a      0x43d USB_HOST/App/usb_host.o
 .debug_macro   0x00000000000234b7       0x46 USB_HOST/App/usb_host.o
 .debug_macro   0x00000000000234fd      0x32a USB_HOST/App/usb_host.o
 .debug_macro   0x0000000000023827      0x196 USB_HOST/App/usb_host.o
 .debug_macro   0x00000000000239bd      0x162 USB_HOST/App/usb_host.o
 .debug_macro   0x0000000000023b1f      0x43e USB_HOST/Target/usbh_conf.o
 .debug_macro   0x0000000000023f5d      0x22e USB_HOST/Target/usbh_platform.o

.debug_line     0x0000000000000000    0x12cc0
 .debug_line    0x0000000000000000      0x88d Core/Src/main.o
 .debug_line    0x000000000000088d      0x839 Core/Src/stm32f4xx_hal_msp.o
 .debug_line    0x00000000000010c6      0x803 Core/Src/stm32f4xx_it.o
 .debug_line    0x00000000000018c9      0x4c7 Core/Src/sysmem.o
 .debug_line    0x0000000000001d90      0x768 Core/Src/system_stm32f4xx.o
 .debug_line    0x00000000000024f8       0x85 Core/Startup/startup_stm32f407vgtx.o
 .debug_line    0x000000000000257d      0x952 Drivers/STM32F4xx_HAL_Driver/Src/stm32f4xx_hal.o
 .debug_line    0x0000000000002ecf      0xa76 Drivers/STM32F4xx_HAL_Driver/Src/stm32f4xx_hal_cortex.o
 .debug_line    0x0000000000003945      0x801 Drivers/STM32F4xx_HAL_Driver/Src/stm32f4xx_hal_crc.o
 .debug_line    0x0000000000004146      0x931 Drivers/STM32F4xx_HAL_Driver/Src/stm32f4xx_hal_gpio.o
 .debug_line    0x0000000000004a77      0xbed Drivers/STM32F4xx_HAL_Driver/Src/stm32f4xx_hal_hcd.o
 .debug_line    0x0000000000005664     0x1c00 Drivers/STM32F4xx_HAL_Driver/Src/stm32f4xx_hal_i2c.o
 .debug_line    0x0000000000007264      0xdee Drivers/STM32F4xx_HAL_Driver/Src/stm32f4xx_hal_i2s.o
 .debug_line    0x0000000000008052      0xf1c Drivers/STM32F4xx_HAL_Driver/Src/stm32f4xx_hal_i2s_ex.o
 .debug_line    0x0000000000008f6e      0x9aa Drivers/STM32F4xx_HAL_Driver/Src/stm32f4xx_hal_rcc.o
 .debug_line    0x0000000000009918      0x873 Drivers/STM32F4xx_HAL_Driver/Src/stm32f4xx_hal_rcc_ex.o
 .debug_line    0x000000000000a18b     0x110e Drivers/STM32F4xx_HAL_Driver/Src/stm32f4xx_hal_spi.o
 .debug_line    0x000000000000b299     0x1060 Drivers/STM32F4xx_HAL_Driver/Src/stm32f4xx_hal_uart.o
 .debug_line    0x000000000000c2f9      0xe7d Drivers/STM32F4xx_HAL_Driver/Src/stm32f4xx_ll_usb.o
 .debug_line    0x000000000000d176      0xcc7 Middlewares/ST/STM32_USB_Host_Library/Class/CDC/Src/usbh_cdc.o
 .debug_line    0x000000000000de3d      0xdf2 Middlewares/ST/STM32_USB_Host_Library/Core/Src/usbh_core.o
 .debug_line    0x000000000000ec2f      0xcd9 Middlewares/ST/STM32_USB_Host_Library/Core/Src/usbh_ctlreq.o
 .debug_line    0x000000000000f908      0xadf Middlewares/ST/STM32_USB_Host_Library/Core/Src/usbh_ioreq.o
 .debug_line    0x00000000000103e7      0xa97 Middlewares/ST/STM32_USB_Host_Library/Core/Src/usbh_pipes.o
 .debug_line    0x0000000000010e7e      0xa98 USB_HOST/App/usb_host.o
 .debug_line    0x0000000000011916      0xc31 USB_HOST/Target/usbh_conf.o
 .debug_line    0x0000000000012547      0x779 USB_HOST/Target/usbh_platform.o

.debug_str      0x0000000000000000    0xcd494
 .debug_str     0x0000000000000000    0xc22a7 Core/Src/main.o
                                      0xc2600 (size before relaxing)
 .debug_str     0x00000000000c22a7       0xed Core/Src/stm32f4xx_hal_msp.o
                                      0xc244d (size before relaxing)
 .debug_str     0x00000000000c2394      0x43d Core/Src/stm32f4xx_it.o
                                      0xc1ce6 (size before relaxing)
 .debug_str     0x00000000000c27d1     0x1fc8 Core/Src/sysmem.o
                                       0x5f67 (size before relaxing)
 .debug_str     0x00000000000c4799       0xc6 Core/Src/system_stm32f4xx.o
                                      0xc1354 (size before relaxing)
 .debug_str     0x00000000000c485f       0x36 Core/Startup/startup_stm32f407vgtx.o
                                         0x74 (size before relaxing)
 .debug_str     0x00000000000c4895      0xa5e Drivers/STM32F4xx_HAL_Driver/Src/stm32f4xx_hal.o
                                      0xc1e1f (size before relaxing)
 .debug_str     0x00000000000c52f3      0x392 Drivers/STM32F4xx_HAL_Driver/Src/stm32f4xx_hal_cortex.o
                                      0xc1c0e (size before relaxing)
 .debug_str     0x00000000000c5685       0xa4 Drivers/STM32F4xx_HAL_Driver/Src/stm32f4xx_hal_crc.o
                                      0xc1397 (size before relaxing)
 .debug_str     0x00000000000c5729      0x207 Drivers/STM32F4xx_HAL_Driver/Src/stm32f4xx_hal_gpio.o
                                      0xc1591 (size before relaxing)
 .debug_str     0x00000000000c5930      0x3da Drivers/STM32F4xx_HAL_Driver/Src/stm32f4xx_hal_hcd.o
                                      0xc19c4 (size before relaxing)
 .debug_str     0x00000000000c5d0a      0xaa6 Drivers/STM32F4xx_HAL_Driver/Src/stm32f4xx_hal_i2c.o
                                      0xc22bf (size before relaxing)
 .debug_str     0x00000000000c67b0      0x27c Drivers/STM32F4xx_HAL_Driver/Src/stm32f4xx_hal_i2s.o
                                      0xc1906 (size before relaxing)
 .debug_str     0x00000000000c6a2c      0x1f1 Drivers/STM32F4xx_HAL_Driver/Src/stm32f4xx_hal_i2s_ex.o
                                      0xc1844 (size before relaxing)
 .debug_str     0x00000000000c6c1d      0x24e Drivers/STM32F4xx_HAL_Driver/Src/stm32f4xx_hal_rcc.o
                                      0xc173f (size before relaxing)
 .debug_str     0x00000000000c6e6b      0x113 Drivers/STM32F4xx_HAL_Driver/Src/stm32f4xx_hal_rcc_ex.o
                                      0xc1487 (size before relaxing)
 .debug_str     0x00000000000c6f7e      0x520 Drivers/STM32F4xx_HAL_Driver/Src/stm32f4xx_hal_spi.o
                                      0xc1bc0 (size before relaxing)
 .debug_str     0x00000000000c749e      0x50d Drivers/STM32F4xx_HAL_Driver/Src/stm32f4xx_hal_uart.o
                                      0xc1b9e (size before relaxing)
 .debug_str     0x00000000000c79ab      0x626 Drivers/STM32F4xx_HAL_Driver/Src/stm32f4xx_ll_usb.o
                                      0xc1c26 (size before relaxing)
 .debug_str     0x00000000000c7fd1     0x4c26 Middlewares/ST/STM32_USB_Host_Library/Class/CDC/Src/usbh_cdc.o
                                      0xc8091 (size before relaxing)
 .debug_str     0x00000000000ccbf7      0x266 Middlewares/ST/STM32_USB_Host_Library/Core/Src/usbh_core.o
                                      0xc7597 (size before relaxing)
 .debug_str     0x00000000000cce5d      0x222 Middlewares/ST/STM32_USB_Host_Library/Core/Src/usbh_ctlreq.o
                                      0xc75bb (size before relaxing)
 .debug_str     0x00000000000cd07f       0xfe Middlewares/ST/STM32_USB_Host_Library/Core/Src/usbh_ioreq.o
                                      0xc7436 (size before relaxing)
 .debug_str     0x00000000000cd17d       0x97 Middlewares/ST/STM32_USB_Host_Library/Core/Src/usbh_pipes.o
                                      0xc73bb (size before relaxing)
 .debug_str     0x00000000000cd214       0xc7 USB_HOST/App/usb_host.o
                                      0xc7aa8 (size before relaxing)
 .debug_str     0x00000000000cd2db      0x186 USB_HOST/Target/usbh_conf.o
                                      0xc80ec (size before relaxing)
 .debug_str     0x00000000000cd461       0x33 USB_HOST/Target/usbh_platform.o
                                      0xc1266 (size before relaxing)

.comment        0x0000000000000000       0x7b
 .comment       0x0000000000000000       0x7b Core/Src/main.o
                                         0x7c (size before relaxing)
 .comment       0x000000000000007b       0x7c Core/Src/stm32f4xx_hal_msp.o
 .comment       0x000000000000007b       0x7c Core/Src/stm32f4xx_it.o
 .comment       0x000000000000007b       0x7c Core/Src/sysmem.o
 .comment       0x000000000000007b       0x7c Core/Src/system_stm32f4xx.o
 .comment       0x000000000000007b       0x7c Drivers/STM32F4xx_HAL_Driver/Src/stm32f4xx_hal.o
 .comment       0x000000000000007b       0x7c Drivers/STM32F4xx_HAL_Driver/Src/stm32f4xx_hal_cortex.o
 .comment       0x000000000000007b       0x7c Drivers/STM32F4xx_HAL_Driver/Src/stm32f4xx_hal_crc.o
 .comment       0x000000000000007b       0x7c Drivers/STM32F4xx_HAL_Driver/Src/stm32f4xx_hal_gpio.o
 .comment       0x000000000000007b       0x7c Drivers/STM32F4xx_HAL_Driver/Src/stm32f4xx_hal_hcd.o
 .comment       0x000000000000007b       0x7c Drivers/STM32F4xx_HAL_Driver/Src/stm32f4xx_hal_i2c.o
 .comment       0x000000000000007b       0x7c Drivers/STM32F4xx_HAL_Driver/Src/stm32f4xx_hal_i2s.o
 .comment       0x000000000000007b       0x7c Drivers/STM32F4xx_HAL_Driver/Src/stm32f4xx_hal_i2s_ex.o
 .comment       0x000000000000007b       0x7c Drivers/STM32F4xx_HAL_Driver/Src/stm32f4xx_hal_rcc.o
 .comment       0x000000000000007b       0x7c Drivers/STM32F4xx_HAL_Driver/Src/stm32f4xx_hal_rcc_ex.o
 .comment       0x000000000000007b       0x7c Drivers/STM32F4xx_HAL_Driver/Src/stm32f4xx_hal_spi.o
 .comment       0x000000000000007b       0x7c Drivers/STM32F4xx_HAL_Driver/Src/stm32f4xx_hal_uart.o
 .comment       0x000000000000007b       0x7c Drivers/STM32F4xx_HAL_Driver/Src/stm32f4xx_ll_usb.o
 .comment       0x000000000000007b       0x7c Middlewares/ST/STM32_USB_Host_Library/Class/CDC/Src/usbh_cdc.o
 .comment       0x000000000000007b       0x7c Middlewares/ST/STM32_USB_Host_Library/Core/Src/usbh_core.o
 .comment       0x000000000000007b       0x7c Middlewares/ST/STM32_USB_Host_Library/Core/Src/usbh_ctlreq.o
 .comment       0x000000000000007b       0x7c Middlewares/ST/STM32_USB_Host_Library/Core/Src/usbh_ioreq.o
 .comment       0x000000000000007b       0x7c Middlewares/ST/STM32_USB_Host_Library/Core/Src/usbh_pipes.o
 .comment       0x000000000000007b       0x7c USB_HOST/App/usb_host.o
 .comment       0x000000000000007b       0x7c USB_HOST/Target/usbh_conf.o
 .comment       0x000000000000007b       0x7c USB_HOST/Target/usbh_platform.o

.debug_frame    0x0000000000000000     0x5204
 .debug_frame   0x0000000000000000      0x120 Core/Src/main.o
 .debug_frame   0x0000000000000120      0x1a4 Core/Src/stm32f4xx_hal_msp.o
 .debug_frame   0x00000000000002c4      0x128 Core/Src/stm32f4xx_it.o
 .debug_frame   0x00000000000003ec       0x34 Core/Src/sysmem.o
 .debug_frame   0x0000000000000420       0x58 Core/Src/system_stm32f4xx.o
 .debug_frame   0x0000000000000478      0x374 Drivers/STM32F4xx_HAL_Driver/Src/stm32f4xx_hal.o
 .debug_frame   0x00000000000007ec      0x498 Drivers/STM32F4xx_HAL_Driver/Src/stm32f4xx_hal_cortex.o
 .debug_frame   0x0000000000000c84      0x120 Drivers/STM32F4xx_HAL_Driver/Src/stm32f4xx_hal_crc.o
 .debug_frame   0x0000000000000da4      0x14c Drivers/STM32F4xx_HAL_Driver/Src/stm32f4xx_hal_gpio.o